Archive member included because of file (symbol)

contiki-z1.a(contiki-z1-plat)
                              obj_z1/contiki-z1-main.o (init_platform)
contiki-z1.a(msp430.o)        obj_z1/contiki-z1-main.o (splhigh_)
contiki-z1.a(leds.o)          obj_z1/contiki-z1-main.o (leds_init)
contiki-z1.a(watchdog.o)      obj_z1/contiki-z1-main.o (watchdog_start)
contiki-z1.a(xmem.o)          obj_z1/contiki-z1-main.o (xmem_init)
contiki-z1.a(spi.o)           contiki-z1.a(xmem.o) (spi_init)
contiki-z1.a(cc2420.o)        obj_z1/contiki-z1-main.o (cc2420_set_pan_addr)
contiki-z1.a(cc2420-arch.o)   contiki-z1.a(cc2420.o) (cc2420_arch_init)
contiki-z1.a(node-id.o)       obj_z1/contiki-z1-main.o (node_id_restore)
contiki-z1.a(sensors.o)       contiki-z1.a(contiki-z1-plat) (sensors_process)
contiki-z1.a(uart0.o)         obj_z1/contiki-z1-main.o (uart0_active)
contiki-z1.a(uart0-putchar.o)
                              obj_z1/contiki-z1-main.o (putchar)
contiki-z1.a(z1-sensors.o)    contiki-z1.a(sensors.o) (sensors_flags)
contiki-z1.a(adxl345.o)       obj_z1/contiki-z1-main.o (adxl345)
contiki-z1.a(tmp102.o)        contiki-z1.a(z1-sensors.o) (tmp102)
contiki-z1.a(clock.o)         obj_z1/contiki-z1-main.o (clock_init)
contiki-z1.a(leds-arch.o)     contiki-z1.a(leds.o) (leds_arch_init)
contiki-z1.a(rtimer-arch.o)   obj_z1/contiki-z1-main.o (rtimer_arch_now)
contiki-z1.a(autostart.o)     obj_z1/contiki-z1-main.o (autostart_start)
contiki-z1.a(energest.o)      obj_z1/contiki-z1-main.o (energest_init)
contiki-z1.a(etimer.o)        contiki-z1.a(clock.o) (etimer_request_poll)
contiki-z1.a(ctimer.o)        obj_z1/contiki-z1-main.o (ctimer_init)
contiki-z1.a(process.o)       contiki-z1.a(etimer.o) (process_current)
contiki-z1.a(rtimer.o)        obj_z1/contiki-z1-main.o (rtimer_init)
contiki-z1.a(timer.o)         contiki-z1.a(adxl345.o) (timer_set)
contiki-z1.a(serial-line.o)   obj_z1/contiki-z1-main.o (serial_line_input_byte)
contiki-z1.a(list.o)          contiki-z1.a(ctimer.o) (list_init)
contiki-z1.a(random.o)        obj_z1/contiki-z1-main.o (random_init)
contiki-z1.a(ringbuf.o)       contiki-z1.a(serial-line.o) (ringbuf_init)
contiki-z1.a(packetbuf.o)     contiki-z1.a(cc2420.o) (packetbuf_set_datalen)
contiki-z1.a(linkaddr.o)      obj_z1/contiki-z1-main.o (linkaddr_copy)
contiki-z1.a(csma.o)          obj_z1/contiki-z1-main.o (csma_driver)
contiki-z1.a(mac.o)           contiki-z1.a(csma.o) (mac_call_sent_callback)
contiki-z1.a(contikimac.o)    obj_z1/contiki-z1-main.o (contikimac_driver)
contiki-z1.a(contikimac-fram)
                              contiki-z1.a(contikimac.o) (contikimac_framer)
contiki-z1.a(nullsec.o)       obj_z1/contiki-z1-main.o (nullsec_driver)
contiki-z1.a(rime.o)          obj_z1/contiki-z1-main.o (rime_driver)
contiki-z1.a(broadcast-annou)
                              contiki-z1.a(rime.o) (broadcast_announcement_init)
contiki-z1.a(broadcast.o)     node-comutation.co (broadcast_open)
contiki-z1.a(chameleon.o)     contiki-z1.a(rime.o) (chameleon_init)
contiki-z1.a(channel.o)       contiki-z1.a(chameleon.o) (channel_init)
contiki-z1.a(abc.o)           contiki-z1.a(broadcast.o) (abc_open)
contiki-z1.a(unicast.o)       node-comutation.co (unicast_open)
contiki-z1.a(announcement.o)  contiki-z1.a(rime.o) (announcement_init)
contiki-z1.a(i2cmaster.o)     contiki-z1.a(adxl345.o) (i2c_receiveinit)
contiki-z1.a(button-sensor.o)
                              contiki-z1.a(z1-sensors.o) (button_sensor)
contiki-z1.a(compower.o)      contiki-z1.a(contikimac.o) (compower_accumulate)
contiki-z1.a(memb.o)          contiki-z1.a(csma.o) (memb_init)
contiki-z1.a(queuebuf.o)      contiki-z1.a(rime.o) (queuebuf_init)
contiki-z1.a(mac-sequence.o)  contiki-z1.a(contikimac.o) (mac_sequence_is_duplicate)
contiki-z1.a(framer-802154.o)
                              contiki-z1.a(contikimac-fram) (framer_802154)
contiki-z1.a(frame802154.o)   contiki-z1.a(framer-802154.o) (frame802154_get_pan_id)
contiki-z1.a(chameleon-bitop)
                              contiki-z1.a(chameleon.o) (chameleon_bitopt)
/usr/lib/gcc/msp430/4.6.3/mcpu-430x/mmpy-16/libgcc.a(_mulsi3.o)
                              contiki-z1.a(csma.o) (__mulsi3)
/usr/lib/gcc/msp430/4.6.3/mcpu-430x/mmpy-16/libgcc.a(_divmod16.o)
                              contiki-z1.a(tmp102.o) (__divhi3)
/usr/lib/gcc/msp430/4.6.3/mcpu-430x/mmpy-16/libgcc.a(_udivmod32.o)
                              obj_z1/contiki-z1-main.o (__udivsi3)
/usr/lib/gcc/msp430/4.6.3/mcpu-430x/mmpy-16/libgcc.a(_addsub_sf.o)
                              node-comutation.co (__addsf3)
/usr/lib/gcc/msp430/4.6.3/mcpu-430x/mmpy-16/libgcc.a(_mul_sf.o)
                              node-comutation.co (__mulsf3)
/usr/lib/gcc/msp430/4.6.3/mcpu-430x/mmpy-16/libgcc.a(_div_sf.o)
                              node-comutation.co (__divsf3)
/usr/lib/gcc/msp430/4.6.3/mcpu-430x/mmpy-16/libgcc.a(_eq_sf.o)
                              node-comutation.co (__eqsf2)
/usr/lib/gcc/msp430/4.6.3/mcpu-430x/mmpy-16/libgcc.a(_si_to_sf.o)
[...]
Memory Configuration

Name             Origin             Length             Attributes
sfr              0x0000000000000000 0x0000000000000010
peripheral_8bit  0x0000000000000010 0x00000000000000f0
peripheral_16bit 0x0000000000000100 0x0000000000000100
ram_mirror       0x0000000000000200 0x0000000000000800 xw
infomem          0x0000000000001000 0x0000000000000100
infod            0x0000000000001000 0x0000000000000040
infoc            0x0000000000001040 0x0000000000000040
infob            0x0000000000001080 0x0000000000000040
infoa            0x00000000000010c0 0x0000000000000040
ram              0x0000000000001100 0x0000000000002000 xw
rom              0x0000000000003100 0x000000000000cebe xr
vectors          0x000000000000ffc0 0x0000000000000040
far_rom          0x0000000000010000 0x000000000000a000
bsl              0x0000000000000000 0x0000000000000000
ram2             0x0000000000000000 0x0000000000000000 xw
usbram           0x0000000000000000 0x0000000000000000 xw
*default*        0x0000000000000000 0xffffffffffffffff

Linker script and memory map

LOAD /usr/lib/gcc/msp430/4.6.3/mcpu-430x/mmpy-16/crt0ivtbl32.o
                0x0000000000000041                __P1SEL2 = 0x41
                0x0000000000000045                __P5SEL2 = 0x45
LOAD node-comutation.co
LOAD obj_z1/contiki-z1-main.o
LOAD contiki-z1.a
LOAD /usr/lib/gcc/msp430/4.6.3/mcpu-430x/mmpy-16/libgcc.a
LOAD /usr/lib/gcc/msp430/4.6.3/../../../../msp430/lib/mcpu-430x/mmpy-16/libc.a
LOAD /usr/lib/gcc/msp430/4.6.3/mcpu-430x/mmpy-16/libgcc.a
LOAD /usr/lib/gcc/msp430/4.6.3/mcpu-430x/mmpy-16/libcrt0.a
                0x0000000000000040                PROVIDE (__info_segment_size, 0x40)
                0x0000000000001000                PROVIDE (__infod, 0x1000)
                0x0000000000001040                PROVIDE (__infoc, 0x1040)
                0x0000000000001080                PROVIDE (__infob, 0x1080)
                0x00000000000010c0                PROVIDE (__infoa, 0x10c0)
                0x0000000000000000                __IE1 = 0x0
                0x0000000000000002                __IFG1 = 0x2
                0x0000000000000001                __IE2 = 0x1
                0x0000000000000003                __IFG2 = 0x3
                0x0000000000000006                __UC1IE = 0x6
                0x0000000000000007                __UC1IFG = 0x7
                0x00000000000001a0                __ADC12CTL0 = 0x1a0
                0x00000000000001a2                __ADC12CTL1 = 0x1a2
                0x00000000000001a4                __ADC12IFG = 0x1a4
                0x00000000000001a6                __ADC12IE = 0x1a6
                0x00000000000001a8                __ADC12IV = 0x1a8
                0x0000000000000140                __ADC12MEM0 = 0x140
                0x0000000000000142                __ADC12MEM1 = 0x142
                0x0000000000000144                __ADC12MEM2 = 0x144
                0x0000000000000146                __ADC12MEM3 = 0x146
                0x0000000000000148                __ADC12MEM4 = 0x148
                0x000000000000014a                __ADC12MEM5 = 0x14a
                0x000000000000014c                __ADC12MEM6 = 0x14c
                0x000000000000014e                __ADC12MEM7 = 0x14e
                0x0000000000000150                __ADC12MEM8 = 0x150
                0x0000000000000152                __ADC12MEM9 = 0x152
                0x0000000000000154                __ADC12MEM10 = 0x154
                0x0000000000000156                __ADC12MEM11 = 0x156
                0x0000000000000158                __ADC12MEM12 = 0x158
                0x000000000000015a                __ADC12MEM13 = 0x15a
                0x000000000000015c                __ADC12MEM14 = 0x15c
                0x000000000000015e                __ADC12MEM15 = 0x15e
                0x0000000000000080                __ADC12MCTL0 = 0x80
                0x0000000000000081                __ADC12MCTL1 = 0x81
                0x0000000000000082                __ADC12MCTL2 = 0x82
                0x0000000000000083                __ADC12MCTL3 = 0x83
                0x0000000000000084                __ADC12MCTL4 = 0x84
                0x0000000000000085                __ADC12MCTL5 = 0x85
                0x0000000000000086                __ADC12MCTL6 = 0x86
                0x0000000000000087                __ADC12MCTL7 = 0x87
                0x0000000000000088                __ADC12MCTL8 = 0x88
                0x0000000000000089                __ADC12MCTL9 = 0x89
                0x000000000000008a                __ADC12MCTL10 = 0x8a
                0x000000000000008b                __ADC12MCTL11 = 0x8b
                0x000000000000008c                __ADC12MCTL12 = 0x8c
                0x000000000000008d                __ADC12MCTL13 = 0x8d
                0x000000000000008e                __ADC12MCTL14 = 0x8e
                0x000000000000008f                __ADC12MCTL15 = 0x8f
                0x0000000000000056                __DCOCTL = 0x56
                0x0000000000000057                __BCSCTL1 = 0x57
                0x0000000000000058                __BCSCTL2 = 0x58
                0x0000000000000053                __BCSCTL3 = 0x53
                0x0000000000000059                __CACTL1 = 0x59
                0x000000000000005a                __CACTL2 = 0x5a
                0x000000000000005b                __CAPD = 0x5b
                0x00000000000001c0                __DAC12_0CTL = 0x1c0
                0x00000000000001c2                __DAC12_1CTL = 0x1c2
                0x00000000000001c8                __DAC12_0DAT = 0x1c8
                0x00000000000001ca                __DAC12_1DAT = 0x1ca
                0x0000000000000122                __DMACTL0 = 0x122
                0x0000000000000124                __DMACTL1 = 0x124
                0x0000000000000126                __DMAIV = 0x126
                0x00000000000001d0                __DMA0CTL = 0x1d0
                0x00000000000001dc                __DMA1CTL = 0x1dc
                0x00000000000001e8                __DMA2CTL = 0x1e8
                0x00000000000001d2                __DMA0SA = 0x1d2
                0x00000000000001d2                __DMA0SAL = 0x1d2
                0x00000000000001d6                __DMA0DA = 0x1d6
                0x00000000000001d6                __DMA0DAL = 0x1d6
                0x00000000000001da                __DMA0SZ = 0x1da
                0x00000000000001de                __DMA1SA = 0x1de
                0x00000000000001de                __DMA1SAL = 0x1de
                0x00000000000001e2                __DMA1DA = 0x1e2
                0x00000000000001e2                __DMA1DAL = 0x1e2
                0x00000000000001e6                __DMA1SZ = 0x1e6
                0x00000000000001ea                __DMA2SA = 0x1ea
                0x00000000000001ea                __DMA2SAL = 0x1ea
                0x00000000000001ee                __DMA2DA = 0x1ee
                0x00000000000001ee                __DMA2DAL = 0x1ee
                0x00000000000001f2                __DMA2SZ = 0x1f2
                0x0000000000000128                __FCTL1 = 0x128
                0x000000000000012a                __FCTL2 = 0x12a
                0x000000000000012c                __FCTL3 = 0x12c
                0x00000000000001be                __FCTL4 = 0x1be
                0x0000000000000130                __MPY = 0x130
                0x0000000000000132                __MPYS = 0x132
                0x0000000000000134                __MAC = 0x134
                0x0000000000000136                __MACS = 0x136
                0x0000000000000138                __OP2 = 0x138
                0x000000000000013a                __RESLO = 0x13a
                0x000000000000013c                __RESHI = 0x13c
                0x000000000000013e                __SUMEXT = 0x13e
                0x0000000000000020                __P1IN = 0x20
                0x0000000000000021                __P1OUT = 0x21
                0x0000000000000022                __P1DIR = 0x22
                0x0000000000000023                __P1IFG = 0x23
                0x0000000000000024                __P1IES = 0x24
                0x0000000000000025                __P1IE = 0x25
                0x0000000000000026                __P1SEL = 0x26
                0x0000000000000027                __P1REN = 0x27
                0x0000000000000028                __P2IN = 0x28
                0x0000000000000029                __P2OUT = 0x29
                0x000000000000002a                __P2DIR = 0x2a
                0x000000000000002b                __P2IFG = 0x2b
                0x000000000000002c                __P2IES = 0x2c
                0x000000000000002d                __P2IE = 0x2d
                0x000000000000002e                __P2SEL = 0x2e
                0x000000000000002f                __P2REN = 0x2f
                0x0000000000000018                __P3IN = 0x18
                0x0000000000000019                __P3OUT = 0x19
                0x000000000000001a                __P3DIR = 0x1a
                0x000000000000001b                __P3SEL = 0x1b
                0x0000000000000010                __P3REN = 0x10
                0x000000000000001c                __P4IN = 0x1c
                0x000000000000001d                __P4OUT = 0x1d
                0x000000000000001e                __P4DIR = 0x1e
                0x000000000000001f                __P4SEL = 0x1f
                0x0000000000000011                __P4REN = 0x11
                0x0000000000000030                __P5IN = 0x30
                0x0000000000000031                __P5OUT = 0x31
                0x0000000000000032                __P5DIR = 0x32
                0x0000000000000033                __P5SEL = 0x33
                0x0000000000000012                __P5REN = 0x12
                0x0000000000000034                __P6IN = 0x34
                0x0000000000000035                __P6OUT = 0x35
                0x0000000000000036                __P6DIR = 0x36
                0x0000000000000037                __P6SEL = 0x37
                0x0000000000000013                __P6REN = 0x13
                0x0000000000000038                __P7IN = 0x38
                0x000000000000003a                __P7OUT = 0x3a
                0x000000000000003c                __P7DIR = 0x3c
                0x000000000000003e                __P7SEL = 0x3e
                0x0000000000000014                __P7REN = 0x14
                0x0000000000000039                __P8IN = 0x39
                0x000000000000003b                __P8OUT = 0x3b
                0x000000000000003d                __P8DIR = 0x3d
                0x000000000000003f                __P8SEL = 0x3f
                0x0000000000000015                __P8REN = 0x15
                0x0000000000000038                __PAIN = 0x38
                0x000000000000003a                __PAOUT = 0x3a
                0x000000000000003c                __PADIR = 0x3c
                0x000000000000003e                __PASEL = 0x3e
                0x0000000000000014                __PAREN = 0x14
                0x0000000000000055                __SVSCTL = 0x55
                0x000000000000012e                __TAIV = 0x12e
                0x0000000000000160                __TACTL = 0x160
                0x0000000000000162                __TACCTL0 = 0x162
                0x0000000000000164                __TACCTL1 = 0x164
                0x0000000000000166                __TACCTL2 = 0x166
                0x0000000000000170                __TAR = 0x170
                0x0000000000000172                __TACCR0 = 0x172
                0x0000000000000174                __TACCR1 = 0x174
                0x0000000000000176                __TACCR2 = 0x176
                0x000000000000011e                __TBIV = 0x11e
                0x0000000000000180                __TBCTL = 0x180
                0x0000000000000182                __TBCCTL0 = 0x182
                0x0000000000000184                __TBCCTL1 = 0x184
                0x0000000000000186                __TBCCTL2 = 0x186
                0x0000000000000188                __TBCCTL3 = 0x188
                0x000000000000018a                __TBCCTL4 = 0x18a
                0x000000000000018c                __TBCCTL5 = 0x18c
                0x000000000000018e                __TBCCTL6 = 0x18e
                0x0000000000000190                __TBR = 0x190
                0x0000000000000192                __TBCCR0 = 0x192
                0x0000000000000194                __TBCCR1 = 0x194
                0x0000000000000196                __TBCCR2 = 0x196
                0x0000000000000198                __TBCCR3 = 0x198
                0x000000000000019a                __TBCCR4 = 0x19a
                0x000000000000019c                __TBCCR5 = 0x19c
                0x000000000000019e                __TBCCR6 = 0x19e
                0x0000000000000060                __UCA0CTL0 = 0x60
                0x0000000000000061                __UCA0CTL1 = 0x61
                0x0000000000000062                __UCA0BR0 = 0x62
                0x0000000000000063                __UCA0BR1 = 0x63
                0x0000000000000064                __UCA0MCTL = 0x64
                0x0000000000000065                __UCA0STAT = 0x65
                0x0000000000000066                __UCA0RXBUF = 0x66
                0x0000000000000067                __UCA0TXBUF = 0x67
                0x000000000000005d                __UCA0ABCTL = 0x5d
                0x000000000000005e                __UCA0IRTCTL = 0x5e
                0x000000000000005f                __UCA0IRRCTL = 0x5f
                0x0000000000000068                __UCB0CTL0 = 0x68
                0x0000000000000069                __UCB0CTL1 = 0x69
                0x000000000000006a                __UCB0BR0 = 0x6a
                0x000000000000006b                __UCB0BR1 = 0x6b
                0x000000000000006c                __UCB0I2CIE = 0x6c
                0x000000000000006d                __UCB0STAT = 0x6d
                0x000000000000006e                __UCB0RXBUF = 0x6e
                0x000000000000006f                __UCB0TXBUF = 0x6f
                0x0000000000000118                __UCB0I2COA = 0x118
                0x000000000000011a                __UCB0I2CSA = 0x11a
                0x00000000000000d0                __UCA1CTL0 = 0xd0
                0x00000000000000d1                __UCA1CTL1 = 0xd1
                0x00000000000000d2                __UCA1BR0 = 0xd2
                0x00000000000000d3                __UCA1BR1 = 0xd3
                0x00000000000000d4                __UCA1MCTL = 0xd4
                0x00000000000000d5                __UCA1STAT = 0xd5
                0x00000000000000d6                __UCA1RXBUF = 0xd6
                0x00000000000000d7                __UCA1TXBUF = 0xd7
                0x00000000000000cd                __UCA1ABCTL = 0xcd
                0x00000000000000ce                __UCA1IRTCTL = 0xce
                0x00000000000000cf                __UCA1IRRCTL = 0xcf
                0x00000000000000d8                __UCB1CTL0 = 0xd8
                0x00000000000000d9                __UCB1CTL1 = 0xd9
                0x00000000000000da                __UCB1BR0 = 0xda
                0x00000000000000db                __UCB1BR1 = 0xdb
                0x00000000000000dc                __UCB1I2CIE = 0xdc
                0x00000000000000dd                __UCB1STAT = 0xdd
                0x00000000000000de                __UCB1RXBUF = 0xde
                0x00000000000000df                __UCB1TXBUF = 0xdf
                0x000000000000017c                __UCB1I2COA = 0x17c
                0x000000000000017e                __UCB1I2CSA = 0x17e
                0x0000000000000120                __WDTCTL = 0x120
                0x00000000000010c0                __TLV_CHECKSUM = 0x10c0
                0x00000000000010f6                __TLV_DCO_30_TAG = 0x10f6
                0x00000000000010f7                __TLV_DCO_30_LEN = 0x10f7
                0x00000000000010da                __TLV_ADC12_1_TAG = 0x10da
                0x00000000000010db                __TLV_ADC12_1_LEN = 0x10db
                0x00000000000010f8                __CALDCO_16MHZ = 0x10f8
                0x00000000000010f9                __CALBC1_16MHZ = 0x10f9
                0x00000000000010fa                __CALDCO_12MHZ = 0x10fa
                0x00000000000010fb                __CALBC1_12MHZ = 0x10fb
                0x00000000000010fc                __CALDCO_8MHZ = 0x10fc
                0x00000000000010fd                __CALBC1_8MHZ = 0x10fd
                0x00000000000010fe                __CALDCO_1MHZ = 0x10fe
                0x00000000000010ff                __CALBC1_1MHZ = 0x10ff

.hash
 *(.hash)

.dynsym
 *(.dynsym)

.dynstr
 *(.dynstr)

.gnu.version
 *(.gnu.version)

.gnu.version_d
 *(.gnu.version_d)

.gnu.version_r
 *(.gnu.version_r)

.rel.init
 *(.rel.init)

.rela.init
 *(.rela.init)

.rel.fini
 *(.rel.fini)

.rela.fini
 *(.rela.fini)

.rel.text
 *(.rel.text .rel.text.* .rel.gnu.linkonce.t.*)

.rela.text
 *(.rela.text .rela.text.* .rela.gnu.linkonce.t.*)

.rel.rodata
 *(.rel.rodata .rel.rodata.* .rel.gnu.linkonce.r.*)

.rela.rodata
 *(.rela.rodata .rela.rodata.* .rela.gnu.linkonce.r.*)

.rel.data
 *(.rel.data .rel.data.* .rel.gnu.linkonce.d.*)

.rela.data
 *(.rela.data .rela.data.* .rela.gnu.linkonce.d.*)

.rel.bss
 *(.rel.bss .rel.bss.* .rel.gnu.linkonce.b.*)

.rela.bss
 *(.rela.bss .rela.bss.* .rela.gnu.linkonce.b.*)

.rel.ctors
 *(.rel.ctors)

.rela.ctors
 *(.rela.ctors)

.rel.dtors
 *(.rel.dtors)

.rela.dtors
 *(.rela.dtors)

.rel.got
 *(.rel.got)

.rela.got
 *(.rela.got)

.rel.plt
 *(.rel.plt)

.rela.plt
 *(.rela.plt)

.text           0x0000000000003100     0x6e7a
                0x0000000000003100                . = ALIGN (0x2)
 *(.init .init.*)
 *(.init0)
 .init0         0x0000000000003100        0x0 /usr/lib/gcc/msp430/4.6.3/mcpu-430x/mmpy-16/libcrt0.a(_reset_vector__.o)
                0x0000000000003100                _reset_vector__
 *(.init1)
 .init1         0x0000000000003100        0xc /usr/lib/gcc/msp430/4.6.3/mcpu-430x/mmpy-16/libcrt0.a(__watchdog_support.o)
                0x0000000000003100                __watchdog_support
 *(.init2)
 .init2         0x000000000000310c        0x4 /usr/lib/gcc/msp430/4.6.3/mcpu-430x/mmpy-16/libcrt0.a(__init_stack.o)
                0x000000000000310c                __init_stack
 *(.init3)
 .init3         0x0000000000003110        0x0 /usr/lib/gcc/msp430/4.6.3/mcpu-430x/mmpy-16/libcrt0.a(__low_level_init.o)
                0x0000000000003110                __low_level_init
 *(.init4)
 .init4         0x0000000000003110       0x18 /usr/lib/gcc/msp430/4.6.3/mcpu-430x/mmpy-16/libcrt0.a(_copy_data.o)
                0x0000000000003110                __do_copy_data
 .init4         0x0000000000003128       0x16 /usr/lib/gcc/msp430/4.6.3/mcpu-430x/mmpy-16/libcrt0.a(_clear_bss.o)
                0x0000000000003128                __do_clear_bss
 *(.init5)
 *(.init6)
 *(.init7)
 *(.init8)
 *(.init9)
 .init9         0x000000000000313e      0x2ee obj_z1/contiki-z1-main.o
                0x000000000000313e                main
 *(.fini9)
 .fini9         0x000000000000342c        0x0 /usr/lib/gcc/msp430/4.6.3/mcpu-430x/mmpy-16/libcrt0.a(__stop_progExec__.o)
                0x000000000000342c                __stop_progExec__
 *(.fini8)
 *(.fini7)
 *(.fini6)
 *(.fini5)
 *(.fini4)
 *(.fini3)
 *(.fini2)
 *(.fini1)
 *(.fini0)
 .fini0         0x000000000000342c        0x6 /usr/lib/gcc/msp430/4.6.3/mcpu-430x/mmpy-16/libcrt0.a(_endless_loop__.o)
                0x000000000000342c                _endless_loop__
 *(.fini .fini.*)
                0x0000000000003432                . = ALIGN (0x2)
                0x0000000000003432                __ctors_start = .
 *(.ctors)
                0x0000000000003432                __ctors_end = .
                0x0000000000003432                __dtors_start = .
 *(.dtors)
                0x0000000000003432                __dtors_end = .
                0x0000000000003432                . = ALIGN (0x2)
 *(.text .text.* .gnu.linkonce.t.*)
 .text          0x0000000000003432        0x4 /usr/lib/gcc/msp430/4.6.3/mcpu-430x/mmpy-16/crt0ivtbl32.o
                0x0000000000003432                __isr_14
                0x0000000000003432                __isr_4
                0x0000000000003432                __isr_29
                0x0000000000003432                __isr_11
                0x0000000000003432                __isr_5
                0x0000000000003432                __isr_2
                0x0000000000003432                __isr_10
                0x0000000000003432                __isr_7
                0x0000000000003432                __isr_0
                0x0000000000003432                __isr_28
                0x0000000000003432                __isr_8
                0x0000000000003432                __isr_20
                0x0000000000003432                __isr_3
                0x0000000000003432                __isr_12
                0x0000000000003432                __isr_13
                0x0000000000003432                __isr_27
                0x0000000000003432                __isr_9
                0x0000000000003432                __isr_30
                0x0000000000003432                __isr_6
                0x0000000000003432                __isr_22
                0x0000000000003432                __isr_1
                0x0000000000003432                __isr_15
                0x0000000000003432                __isr_21
 .text.crt0     0x0000000000003436        0x0 /usr/lib/gcc/msp430/4.6.3/mcpu-430x/mmpy-16/crt0ivtbl32.o
 .text          0x0000000000003436      0x828 node-comutation.co
                0x0000000000003436                addToRootingTable
                0x000000000000354a                freeData
                0x0000000000003564                isMetered
                0x0000000000003778                freeRoutingTable
                0x0000000000003798                resetNetwork
                0x00000000000037d6                myExitHandler
                0x00000000000039a6                linreg
 .text          0x0000000000003c5e        0x6 obj_z1/contiki-z1-main.o
                0x0000000000003c5e                uip_log
 .text          0x0000000000003c64        0xc contiki-z1.a(contiki-z1-plat)
                0x0000000000003c64                init_platform
 .text          0x0000000000003c70       0xe8 contiki-z1.a(msp430.o)
                0x0000000000003c70                msp430_init_dco
                0x0000000000003c98                msp430_add_lpm_req
                0x0000000000003ca4                msp430_remove_lpm_req
                0x0000000000003cb0                splhigh_
                0x0000000000003cb8                msp430_sync_dco
                0x0000000000003d2a                msp430_cpu_init
 .text          0x0000000000003d58      0x146 contiki-z1.a(leds.o)
                0x0000000000003e46                leds_init
                0x0000000000003e50                leds_get
                0x0000000000003e56                leds_set
                0x0000000000003e5c                leds_on
                0x0000000000003e66                leds_off
                0x0000000000003e74                leds_toggle
                0x0000000000003e7e                leds_blink
 .text          0x0000000000003e9e       0x5c contiki-z1.a(watchdog.o)
                0x0000000000003e9e                __isr_26
                0x0000000000003e9e                watchdog_interrupt
                0x0000000000003ea4                watchdog_start
                0x0000000000003eb8                watchdog_periodic
                0x0000000000003eca                watchdog_stop
                0x0000000000003ee0                watchdog_init
                0x0000000000003ef4                watchdog_reboot
 .text          0x0000000000003efa      0x350 contiki-z1.a(xmem.o)
                0x0000000000003f72                xmem_init
                0x0000000000003f90                xmem_pread
                0x0000000000004060                xmem_pwrite
                0x0000000000004194                xmem_erase
 .text          0x000000000000424a       0x38 contiki-z1.a(spi.o)
                0x000000000000424a                spi_init
 .text          0x0000000000004282      0xb94 contiki-z1.a(cc2420.o)
                0x00000000000046b8                cc2420_on
                0x00000000000046da                cc2420_off
                0x0000000000004904                cc2420_get_channel
                0x000000000000490a                cc2420_set_channel
                0x0000000000004944                cc2420_set_pan_addr
                0x0000000000004990                cc2420_interrupt
                0x00000000000049a8                cc2420_set_txpower
                0x00000000000049b6                cc2420_get_txpower
                0x0000000000004b12                cc2420_rssi
                0x0000000000004c5c                cc2420_set_cca_threshold
                0x0000000000004d26                cc2420_init
 .text          0x0000000000004e16       0x1a contiki-z1.a(cc2420-arch.o)
                0x0000000000004e16                cc2420_arch_init
 .text          0x0000000000004e30       0x9a contiki-z1.a(node-id.o)
                0x0000000000004e30                node_id_restore
                0x0000000000004e7c                node_id_burn
 .text          0x0000000000004eca      0x158 contiki-z1.a(sensors.o)
                0x0000000000004f88                sensors_first
                0x0000000000004f8e                sensors_next
                0x0000000000004fba                sensors_changed
                0x0000000000004fe4                sensors_find
 .text          0x0000000000005022       0xe6 contiki-z1.a(uart0.o)
                0x0000000000005022                uart0_active
                0x0000000000005030                uart0_set_input
                0x0000000000005036                uart0_writeb
                0x000000000000504e                uart0_init
                0x00000000000050a2                __isr_23
                0x00000000000050a2                uart0_rx_interrupt
 .text          0x0000000000005108       0x10 contiki-z1.a(uart0-putchar.o)
                0x0000000000005108                putchar
 .text          0x0000000000005118        0x0 contiki-z1.a(z1-sensors.o)
 .text          0x0000000000005118      0x394 contiki-z1.a(adxl345.o)
                0x000000000000522c                accm_read_axis
                0x00000000000052b2                accm_set_grange
                0x00000000000052e2                accm_init
                0x0000000000005358                accm_stop
                0x00000000000053b0                accm_set_irq
                0x00000000000053e8                port1_isr
                0x00000000000053e8                __isr_18
 .text          0x00000000000054ac      0x172 contiki-z1.a(tmp102.o)
                0x00000000000054be                tmp102_init
                0x00000000000054e2                tmp102_stop
                0x0000000000005514                tmp102_write_reg
                0x000000000000554c                tmp102_read_reg
                0x00000000000055ac                tmp102_read_temp_raw
                0x00000000000055b4                tmp102_read_temp_x100
                0x0000000000005610                tmp102_read_temp_simple
 .text          0x000000000000561e      0x1e8 contiki-z1.a(clock.o)
                0x000000000000561e                __isr_24
                0x000000000000561e                timera1
                0x0000000000005728                clock_time
                0x0000000000005742                clock_set
                0x0000000000005758                clock_fine_max
                0x000000000000575e                clock_fine
                0x000000000000576a                clock_init
                0x0000000000005792                clock_delay
                0x000000000000579e                clock_wait
                0x00000000000057c6                clock_set_seconds
                0x00000000000057de                clock_seconds
                0x00000000000057f8                clock_counter
 .text          0x0000000000005806       0x78 contiki-z1.a(leds-arch.o)
                0x0000000000005806                leds_arch_init
                0x0000000000005814                leds_arch_get
                0x0000000000005844                leds_arch_set
 .text          0x000000000000587e       0x7e contiki-z1.a(rtimer-arch.o)
                0x000000000000587e                rtimer_arch_init
                0x000000000000588c                rtimer_arch_now
                0x000000000000589a                __isr_25
                0x000000000000589a                timera0
                0x00000000000058f6                rtimer_arch_schedule
 .text          0x00000000000058fc       0x2a contiki-z1.a(autostart.o)
                0x00000000000058fc                autostart_start
                0x0000000000005912                autostart_exit
 .text          0x0000000000005926       0xae contiki-z1.a(energest.o)
                0x0000000000005926                energest_init
                0x000000000000594e                energest_type_time
                0x000000000000598a                energest_leveldevice_leveltime
                0x0000000000005990                energest_type_set
                0x000000000000599c                energest_flush
 .text          0x00000000000059d4      0x270 contiki-z1.a(etimer.o)
                0x0000000000005a44                etimer_request_poll
                0x0000000000005b4e                etimer_set
                0x0000000000005b60                etimer_reset_with_new_interval
                0x0000000000005b7e                etimer_reset
                0x0000000000005b90                etimer_restart
                0x0000000000005ba2                etimer_adjust
                0x0000000000005bbc                etimer_expired
                0x0000000000005bca                etimer_expiration_time
                0x0000000000005bde                etimer_start_time
                0x0000000000005be6                etimer_pending
                0x0000000000005bf2                etimer_next_expiration_time
                0x0000000000005c08                etimer_stop
 .text          0x0000000000005c44      0x1c4 contiki-z1.a(ctimer.o)
                0x0000000000005ce0                ctimer_init
                0x0000000000005cf8                ctimer_set_with_process
                0x0000000000005d46                ctimer_set
                0x0000000000005d56                ctimer_reset
                0x0000000000005d82                ctimer_restart
                0x0000000000005dae                ctimer_stop
                0x0000000000005dd6                ctimer_expired
 .text          0x0000000000005e08      0x282 contiki-z1.a(process.o)
                0x0000000000005f08                process_alloc_event
                0x0000000000005f16                process_exit
                0x0000000000005f20                process_init
                0x0000000000005f3c                process_run
                0x0000000000005fc8                process_nevents
                0x0000000000005fd6                process_post
                0x0000000000006020                process_post_synch
                0x0000000000006032                process_start
                0x0000000000006064                process_poll
                0x000000000000607c                process_is_running
 .text          0x000000000000608a       0x50 contiki-z1.a(rtimer.o)
                0x000000000000608a                rtimer_init
                0x0000000000006090                rtimer_set
                0x00000000000060b4                rtimer_run_next
 .text          0x00000000000060da       0x8c contiki-z1.a(timer.o)
                0x00000000000060da                timer_set
                0x00000000000060f6                timer_reset
                0x0000000000006104                timer_restart
                0x0000000000006118                timer_expired
                0x0000000000006142                timer_remaining
 .text          0x0000000000006166      0x102 contiki-z1.a(serial-line.o)
                0x0000000000006202                serial_line_input_byte
                0x000000000000624c                serial_line_init
 .text          0x0000000000006268       0xf6 contiki-z1.a(list.o)
                0x0000000000006268                list_init
                0x000000000000626e                list_head
                0x0000000000006272                list_copy
                0x0000000000006278                list_tail
                0x000000000000628a                list_chop
                0x00000000000062ae                list_pop
                0x00000000000062bc                list_remove
                0x00000000000062f0                list_push
                0x0000000000006306                list_add
                0x000000000000632c                list_length
                0x000000000000633c                list_insert
                0x0000000000006352                list_item_next
 .text          0x000000000000635e        0xc contiki-z1.a(random.o)
                0x000000000000635e                random_init
                0x0000000000006364                random_rand
 .text          0x000000000000636a       0x96 contiki-z1.a(ringbuf.o)
                0x000000000000636a                ringbuf_init
                0x000000000000637e                ringbuf_put
                0x00000000000063b6                ringbuf_get
                0x00000000000063e6                ringbuf_size
                0x00000000000063ee                ringbuf_elements
 .text          0x0000000000006400      0x1be contiki-z1.a(packetbuf.o)
                0x0000000000006400                packetbuf_hdrreduce
                0x000000000000641a                packetbuf_set_datalen
                0x0000000000006420                packetbuf_hdrptr
                0x0000000000006426                packetbuf_datalen
                0x000000000000642c                packetbuf_hdrlen
                0x0000000000006436                packetbuf_dataptr
                0x0000000000006442                packetbuf_copyto
                0x000000000000647c                packetbuf_compact
                0x00000000000064b2                packetbuf_totlen
                0x00000000000064be                packetbuf_hdralloc
                0x00000000000064f8                packetbuf_remaininglen
                0x0000000000006506                packetbuf_attr_clear
                0x0000000000006532                packetbuf_clear
                0x0000000000006544                packetbuf_copyfrom
                0x000000000000656e                packetbuf_attr_copyto
                0x000000000000658e                packetbuf_attr_copyfrom
                0x00000000000065b0                packetbuf_holds_broadcast
 .text          0x00000000000065be       0x2a contiki-z1.a(linkaddr.o)
                0x00000000000065be                linkaddr_copy
                0x00000000000065ca                linkaddr_cmp
                0x00000000000065dc                linkaddr_set_node_addr
 .text          0x00000000000065e8      0x392 contiki-z1.a(csma.o)
 .text          0x000000000000697a       0x14 contiki-z1.a(mac.o)
                0x000000000000697a                mac_call_sent_callback
 .text          0x000000000000698e      0x652 contiki-z1.a(contikimac.o)
                0x0000000000006fdc                contikimac_debug_print
 .text          0x0000000000006fe0       0xae contiki-z1.a(contikimac-fram)
 .text          0x000000000000708e       0x12 contiki-z1.a(nullsec.o)
 .text          0x00000000000070a0       0xd8 contiki-z1.a(rime.o)
                0x000000000000713c                rime_sniffer_add
                0x0000000000007148                rime_sniffer_remove
                0x0000000000007154                rime_output
 .text          0x0000000000007178      0x1c2 contiki-z1.a(broadcast-annou)
                0x00000000000072ca                broadcast_announcement_init
                0x000000000000730e                broadcast_announcement_stop
                0x0000000000007330                broadcast_announcement_beacon_interval
 .text          0x000000000000733a       0x78 contiki-z1.a(broadcast.o)
                0x0000000000007370                broadcast_open
                0x0000000000007392                broadcast_close
                0x0000000000007398                broadcast_send
 .text          0x00000000000073b2       0x38 contiki-z1.a(chameleon.o)
                0x00000000000073b2                chameleon_init
                0x00000000000073b8                chameleon_parse
                0x00000000000073c8                chameleon_create
                0x00000000000073e4                chameleon_hdrsize
 .text          0x00000000000073ea       0x66 contiki-z1.a(channel.o)
                0x00000000000073ea                channel_init
                0x00000000000073f4                channel_open
                0x0000000000007404                channel_close
                0x0000000000007410                channel_lookup
                0x0000000000007430                channel_set_attributes
 .text          0x0000000000007450       0x48 contiki-z1.a(abc.o)
                0x0000000000007450                abc_open
                0x000000000000746e                abc_close
                0x0000000000007474                abc_send
                0x000000000000747a                abc_input
                0x0000000000007488                abc_sent
 .text          0x0000000000007498       0x78 contiki-z1.a(unicast.o)
                0x00000000000074d2                unicast_open
                0x00000000000074f4                unicast_close
                0x00000000000074fa                unicast_send
 .text          0x0000000000007510      0x114 contiki-z1.a(announcement.o)
                0x0000000000007510                announcement_init
                0x000000000000751a                announcement_register
                0x0000000000007554                announcement_remove
                0x0000000000007560                announcement_remove_value
                0x0000000000007582                announcement_set_value
                0x00000000000075aa                announcement_bump
                0x00000000000075cc                announcement_listen
                0x00000000000075d8                announcement_register_listen_callback
                0x00000000000075de                announcement_register_observer_callback
                0x00000000000075e4                announcement_list
                0x00000000000075ee                announcement_heard
 .text          0x0000000000007624      0x1b2 contiki-z1.a(i2cmaster.o)
                0x0000000000007624                i2c_setrate
                0x000000000000762a                i2c_receiveinit
                0x0000000000007662                i2c_transmitinit
                0x0000000000007694                i2c_receive_n
                0x00000000000076d8                i2c_busy
                0x00000000000076e2                i2c_enable
                0x0000000000007706                i2c_disable
                0x0000000000007720                i2c_transmit_n
                0x0000000000007734                __isr_16
                0x0000000000007734                i2c_tx_interrupt
                0x00000000000077be                i2c_rx_interrupt
                0x00000000000077be                __isr_17
 .text          0x00000000000077d6      0x100 contiki-z1.a(button-sensor.o)
                0x0000000000007860                irq_p2
                0x0000000000007860                __isr_19
 .text          0x00000000000078d6       0xb6 contiki-z1.a(compower.o)
                0x00000000000078d6                compower_accumulate
                0x0000000000007940                compower_clear
                0x0000000000007952                compower_init
                0x000000000000795c                compower_attrconv
                0x000000000000796c                compower_accumulate_attrs
 .text          0x000000000000798c      0x102 contiki-z1.a(memb.o)
                0x000000000000798c                memb_init
                0x00000000000079c2                memb_alloc
                0x0000000000007a00                memb_free
                0x0000000000007a3a                memb_inmemb
                0x0000000000007a68                memb_numfree
 .text          0x0000000000007a8e      0x13c contiki-z1.a(queuebuf.o)
                0x0000000000007a8e                queuebuf_init
                0x0000000000007aa0                queuebuf_numfree
                0x0000000000007aaa                queuebuf_new_from_packetbuf
                0x0000000000007af8                queuebuf_update_attr_from_packetbuf
                0x0000000000007b0a                queuebuf_update_from_packetbuf
                0x0000000000007b2c                queuebuf_free
                0x0000000000007b56                queuebuf_to_packetbuf
                0x0000000000007b88                queuebuf_dataptr
                0x0000000000007ba4                queuebuf_datalen
                0x0000000000007bac                queuebuf_addr
                0x0000000000007bba                queuebuf_attr
                0x0000000000007bc8                queuebuf_debug_print
 .text          0x0000000000007bca       0xb6 contiki-z1.a(mac-sequence.o)
                0x0000000000007bca                mac_sequence_is_duplicate
                0x0000000000007c1c                mac_sequence_register_seqno
 .text          0x0000000000007c80      0x1cc contiki-z1.a(framer-802154.o)
 .text          0x0000000000007e4c      0x5f8 contiki-z1.a(frame802154.o)
                0x0000000000007e4c                frame802154_get_pan_id
                0x0000000000007e52                frame802154_set_pan_id
                0x0000000000007e58                frame802154_has_panid
                0x0000000000007fe2                frame802154_check_dest_panid
                0x000000000000801e                frame802154_is_broadcast_addr
                0x0000000000008042                frame802154_extract_linkaddr
                0x00000000000080ce                frame802154_hdrlen
                0x0000000000008100                frame802154_create_fcf
                0x000000000000816e                frame802154_create
                0x0000000000008242                frame802154_parse_fcf
                0x00000000000082cc                frame802154_parse
 .text          0x0000000000008444      0x338 contiki-z1.a(chameleon-bitop)
                0x0000000000008494                get_bits
                0x00000000000085de                set_bits
 .text          0x000000000000877c        0x0 /usr/lib/gcc/msp430/4.6.3/mcpu-430x/mmpy-16/libgcc.a(_mulsi3.o)
 .text.libgcc   0x000000000000877c       0x2a /usr/lib/gcc/msp430/4.6.3/mcpu-430x/mmpy-16/libgcc.a(_mulsi3.o)
                0x000000000000877c                __mulsi3
 .text          0x00000000000087a6        0x0 /usr/lib/gcc/msp430/4.6.3/mcpu-430x/mmpy-16/libgcc.a(_divmod16.o)
 .text.libgcc   0x00000000000087a6       0x3a /usr/lib/gcc/msp430/4.6.3/mcpu-430x/mmpy-16/libgcc.a(_divmod16.o)
                0x00000000000087a6                __ext_divmod16
                0x00000000000087a6                __divhi3
                0x00000000000087d8                __modhi3
 .text          0x00000000000087e0        0x0 /usr/lib/gcc/msp430/4.6.3/mcpu-430x/mmpy-16/libgcc.a(_udivmod32.o)
 .text.libgcc   0x00000000000087e0       0x38 /usr/lib/gcc/msp430/4.6.3/mcpu-430x/mmpy-16/libgcc.a(_udivmod32.o)
                0x00000000000087e0                __udivsi3
                0x00000000000087e0                __ext_udivmod32
                0x000000000000880e                __umodsi3
 .text          0x0000000000008818      0x318 /usr/lib/gcc/msp430/4.6.3/mcpu-430x/mmpy-16/libgcc.a(_addsub_sf.o)
                0x0000000000008a94                __addsf3
                0x0000000000008ae0                __subsf3
 .text          0x0000000000008b30      0x21e /usr/lib/gcc/msp430/4.6.3/mcpu-430x/mmpy-16/libgcc.a(_mul_sf.o)
                0x0000000000008b30                __mulsf3
 .text          0x0000000000008d4e      0x14a /usr/lib/gcc/msp430/4.6.3/mcpu-430x/mmpy-16/libgcc.a(_div_sf.o)
                0x0000000000008d4e                __divsf3
 .text          0x0000000000008e98       0x50 /usr/lib/gcc/msp430/4.6.3/mcpu-430x/mmpy-16/libgcc.a(_eq_sf.o)
                0x0000000000008e98                __eqsf2
 .text          0x0000000000008ee8       0xa2 /usr/lib/gcc/msp430/4.6.3/mcpu-430x/mmpy-16/libgcc.a(_si_to_sf.o)
                0x0000000000008ee8                __floatsisf
 .text          0x0000000000008f8a        0x0 /usr/lib/gcc/msp430/4.6.3/mcpu-430x/mmpy-16/libgcc.a(_thenan_sf.o)
 .text          0x0000000000008f8a        0x0 /usr/lib/gcc/msp430/4.6.3/mcpu-430x/mmpy-16/libgcc.a(_udivmod16.o)
 .text.libgcc   0x0000000000008f8a       0x22 /usr/lib/gcc/msp430/4.6.3/mcpu-430x/mmpy-16/libgcc.a(_udivmod16.o)
                0x0000000000008f8a                __udivhi3
                0x0000000000008f8a                __ext_udivmod16
                0x0000000000008fa4                __umodhi3
 .text          0x0000000000008fac       0x6a /usr/lib/gcc/msp430/4.6.3/mcpu-430x/mmpy-16/libgcc.a(_clzsi2.o)
                0x0000000000008fac                __clzsi2
 .text          0x0000000000009016      0x1c6 /usr/lib/gcc/msp430/4.6.3/mcpu-430x/mmpy-16/libgcc.a(_pack_sf.o)
                0x0000000000009016                __pack_f
 .text          0x00000000000091dc      0x10c /usr/lib/gcc/msp430/4.6.3/mcpu-430x/mmpy-16/libgcc.a(_unpack_sf.o)
                0x00000000000091dc                __unpack_f
 .text          0x00000000000092e8       0xa4 /usr/lib/gcc/msp430/4.6.3/mcpu-430x/mmpy-16/libgcc.a(_fpcmp_parts_sf.o)
                0x00000000000092e8                __fpcmp_parts_f
 .text          0x000000000000938c        0x0 /usr/lib/gcc/msp430/4.6.3/mcpu-430x/mmpy-16/libgcc.a(_clz.o)
 .text          0x000000000000938c       0x28 /usr/lib/gcc/msp430/4.6.3/../../../../msp430/lib/mcpu-430x/mmpy-16/libc.a(strncmp.o)
                0x000000000000938c                strncmp
 .text          0x00000000000093b4       0x20 /usr/lib/gcc/msp430/4.6.3/../../../../msp430/lib/mcpu-430x/mmpy-16/libc.a(memcmp.o)
                0x00000000000093b4                memcmp
 .text          0x00000000000093d4       0xe4 /usr/lib/gcc/msp430/4.6.3/../../../../msp430/lib/mcpu-430x/mmpy-16/libc.a(memcpy.o)
                0x00000000000093d4                memcpy
 .text          0x00000000000094b8       0x5c /usr/lib/gcc/msp430/4.6.3/../../../../msp430/lib/mcpu-430x/mmpy-16/libc.a(memset.o)
                0x00000000000094b8                memset
 .text          0x0000000000009514       0xf2 /usr/lib/gcc/msp430/4.6.3/../../../../msp430/lib/mcpu-430x/mmpy-16/libc.a(malloc.o)
                0x0000000000009514                malloc
                0x00000000000095fe                free
 .text          0x0000000000009606       0x1e /usr/lib/gcc/msp430/4.6.3/../../../../msp430/lib/mcpu-430x/mmpy-16/libc.a(printf.o)
                0x0000000000009606                printf
                0x0000000000009616                vprintf
 .text          0x0000000000009624      0x818 /usr/lib/gcc/msp430/4.6.3/../../../../msp430/lib/mcpu-430x/mmpy-16/libc.a(vuprintf.o)
                0x00000000000097a0                vuprintf
 .text          0x0000000000009e3c       0x2c /usr/lib/gcc/msp430/4.6.3/../../../../msp430/lib/mcpu-430x/mmpy-16/libc.a(puts.o)
                0x0000000000009e3c                puts
 .text          0x0000000000009e68       0x54 /usr/lib/gcc/msp430/4.6.3/../../../../msp430/lib/mcpu-430x/mmpy-16/libc.a(rand.o)
                0x0000000000009e68                rand_r
                0x0000000000009e8c                rand
                0x0000000000009eb2                srand
 .text          0x0000000000009ebc        0x0 /usr/lib/gcc/msp430/4.6.3/mcpu-430x/mmpy-16/libgcc.a(_udivmod64.o)
 .text.libgcc   0x0000000000009ebc       0xbc /usr/lib/gcc/msp430/4.6.3/mcpu-430x/mmpy-16/libgcc.a(_udivmod64.o)
                0x0000000000009ebc                __xabi_udivmod64
                0x0000000000009f0e                __udivdi3
                0x0000000000009f28                __umoddi3
                0x0000000000009f4a                __udivmoddi4
 .text          0x0000000000009f78        0x0 /usr/lib/gcc/msp430/4.6.3/mcpu-430x/mmpy-16/libcrt0.a(_reset_vector__.o)
 .text          0x0000000000009f78        0x0 /usr/lib/gcc/msp430/4.6.3/mcpu-430x/mmpy-16/libcrt0.a(__watchdog_support.o)
 .text          0x0000000000009f78        0x0 /usr/lib/gcc/msp430/4.6.3/mcpu-430x/mmpy-16/libcrt0.a(__init_stack.o)
 .text          0x0000000000009f78        0x0 /usr/lib/gcc/msp430/4.6.3/mcpu-430x/mmpy-16/libcrt0.a(__low_level_init.o)
 .text          0x0000000000009f78        0x0 /usr/lib/gcc/msp430/4.6.3/mcpu-430x/mmpy-16/libcrt0.a(_copy_data.o)
 .text          0x0000000000009f78        0x0 /usr/lib/gcc/msp430/4.6.3/mcpu-430x/mmpy-16/libcrt0.a(_clear_bss.o)
 .text          0x0000000000009f78        0x0 /usr/lib/gcc/msp430/4.6.3/mcpu-430x/mmpy-16/libcrt0.a(__stop_progExec__.o)
 .text          0x0000000000009f78        0x0 /usr/lib/gcc/msp430/4.6.3/mcpu-430x/mmpy-16/libcrt0.a(_endless_loop__.o)
 .text          0x0000000000009f78        0x0 /usr/lib/gcc/msp430/4.6.3/mcpu-430x/mmpy-16/libcrt0.a(_unexpected_.o)
 .text.crt0     0x0000000000009f78        0x2 /usr/lib/gcc/msp430/4.6.3/mcpu-430x/mmpy-16/libcrt0.a(_unexpected_.o)
                0x0000000000009f78                _unexpected_
                0x0000000000009f7a                . = ALIGN (0x2)

.rodata         0x0000000000009f7a      0x50a
                0x0000000000009f7a                . = ALIGN (0x2)
 *(.rodata .rodata.* .gnu.linkonce.r.*)
 .rodata        0x0000000000009f7a      0x170 node-comutation.co
                0x000000000000a0cc                autostart_processes
 .rodata        0x000000000000a0ea       0xe3 obj_z1/contiki-z1-main.o
 .rodata        0x000000000000a1cd       0x2c contiki-z1.a(xmem.o)
 *fill*         0x000000000000a1f9        0x1 00
 .rodata        0x000000000000a1fa       0x70 contiki-z1.a(cc2420.o)
                0x000000000000a22c                cc2420_aes_128_driver
                0x000000000000a230                cc2420_driver
 .rodata        0x000000000000a26a        0x8 contiki-z1.a(sensors.o)
 .rodata        0x000000000000a272       0x2e contiki-z1.a(adxl345.o)
                0x000000000000a282                adxl345
 .rodata        0x000000000000a2a0       0x16 contiki-z1.a(tmp102.o)
                0x000000000000a2ae                tmp102
 .rodata        0x000000000000a2b6        0xc contiki-z1.a(etimer.o)
 .rodata        0x000000000000a2c2        0xf contiki-z1.a(ctimer.o)
 .rodata        0x000000000000a2d1        0xe contiki-z1.a(serial-line.o)
 *fill*         0x000000000000a2df        0x1 00
 .rodata        0x000000000000a2e0        0x2 contiki-z1.a(linkaddr.o)
                0x000000000000a2e0                linkaddr_null
 .rodata        0x000000000000a2e2       0x14 contiki-z1.a(csma.o)
                0x000000000000a2e8                csma_driver
 .rodata        0x000000000000a2f6       0x1c contiki-z1.a(contikimac.o)
                0x000000000000a302                contikimac_driver
 .rodata        0x000000000000a312        0x6 contiki-z1.a(contikimac-fram)
                0x000000000000a312                contikimac_framer
 .rodata        0x000000000000a318       0x10 contiki-z1.a(nullsec.o)
                0x000000000000a320                nullsec_driver
 .rodata        0x000000000000a328        0xc contiki-z1.a(rime.o)
                0x000000000000a32e                rime_driver
 .rodata        0x000000000000a334        0x4 contiki-z1.a(broadcast-annou)
 .rodata        0x000000000000a338        0x8 contiki-z1.a(broadcast.o)
 .rodata        0x000000000000a340        0x2 contiki-z1.a(abc.o)
 .rodata        0x000000000000a342        0xa contiki-z1.a(unicast.o)
 .rodata        0x000000000000a34c       0x10 contiki-z1.a(button-sensor.o)
                0x000000000000a354                button_sensor
 .rodata        0x000000000000a35c        0x6 contiki-z1.a(framer-802154.o)
                0x000000000000a35c                framer_802154
 .rodata        0x000000000000a362        0x2 contiki-z1.a(frame802154.o)
 .rodata        0x000000000000a364       0x10 contiki-z1.a(chameleon-bitop)
                0x000000000000a364                chameleon_bitopt
 .rodata        0x000000000000a374        0x8 /usr/lib/gcc/msp430/4.6.3/mcpu-430x/mmpy-16/libgcc.a(_thenan_sf.o)
                0x000000000000a374                __thenan_sf
 .rodata        0x000000000000a37c      0x100 /usr/lib/gcc/msp430/4.6.3/mcpu-430x/mmpy-16/libgcc.a(_clz.o)
                0x000000000000a37c                __clz_tab
 .rodata        0x000000000000a47c        0x7 /usr/lib/gcc/msp430/4.6.3/../../../../msp430/lib/mcpu-430x/mmpy-16/libc.a(vuprintf.o)
                0x000000000000a484                . = ALIGN (0x2)
 *fill*         0x000000000000a483        0x1 00
                0x000000000000a484                _etext = .

.data           0x0000000000001100       0x9a load address 0x000000000000a484
                0x0000000000001100                . = ALIGN (0x2)
                0x0000000000001100                PROVIDE (__data_start, .)
 *(.data .data.* .gnu.linkonce.d.*)
 .data          0x0000000000001100        0x0 /usr/lib/gcc/msp430/4.6.3/mcpu-430x/mmpy-16/crt0ivtbl32.o
 .data          0x0000000000001100        0xc node-comutation.co
                0x0000000000001100                computation_node
                0x000000000000110a                myhop
 .data          0x000000000000110c        0x0 obj_z1/contiki-z1-main.o
 .data          0x000000000000110c        0x0 contiki-z1.a(contiki-z1-plat)
 .data          0x000000000000110c        0x2 contiki-z1.a(msp430.o)
 .data          0x000000000000110e        0x0 contiki-z1.a(leds.o)
 .data          0x000000000000110e        0x0 contiki-z1.a(watchdog.o)
 .data          0x000000000000110e        0x0 contiki-z1.a(xmem.o)
 .data          0x000000000000110e        0x0 contiki-z1.a(spi.o)
 .data          0x000000000000110e        0xc contiki-z1.a(cc2420.o)
                0x000000000000110e                cc2420_process
 .data          0x000000000000111a        0x0 contiki-z1.a(cc2420-arch.o)
 .data          0x000000000000111a        0x0 contiki-z1.a(node-id.o)
 .data          0x000000000000111a        0xa contiki-z1.a(sensors.o)
                0x000000000000111a                sensors_process
 .data          0x0000000000001124        0x0 contiki-z1.a(uart0.o)
 .data          0x0000000000001124        0x0 contiki-z1.a(uart0-putchar.o)
 .data          0x0000000000001124        0x8 contiki-z1.a(z1-sensors.o)
                0x0000000000001124                sensors
 .data          0x000000000000112c       0x20 contiki-z1.a(adxl345.o)
                0x000000000000112c                accmeter_process
 .data          0x000000000000114c        0x0 contiki-z1.a(tmp102.o)
 .data          0x000000000000114c        0x0 contiki-z1.a(clock.o)
 .data          0x000000000000114c        0x0 contiki-z1.a(leds-arch.o)
 .data          0x000000000000114c        0x0 contiki-z1.a(rtimer-arch.o)
 .data          0x000000000000114c        0x0 contiki-z1.a(autostart.o)
 .data          0x000000000000114c        0x0 contiki-z1.a(energest.o)
 .data          0x000000000000114c        0xa contiki-z1.a(etimer.o)
                0x000000000000114c                etimer_process
 .data          0x0000000000001156        0xa contiki-z1.a(ctimer.o)
                0x0000000000001156                ctimer_process
 .data          0x0000000000001160        0x0 contiki-z1.a(process.o)
 .data          0x0000000000001160        0x0 contiki-z1.a(rtimer.o)
 .data          0x0000000000001160        0x0 contiki-z1.a(timer.o)
 .data          0x0000000000001160        0xa contiki-z1.a(serial-line.o)
                0x0000000000001160                serial_line_process
 .data          0x000000000000116a        0x0 contiki-z1.a(list.o)
 .data          0x000000000000116a        0x0 contiki-z1.a(random.o)
 .data          0x000000000000116a        0x0 contiki-z1.a(ringbuf.o)
 .data          0x000000000000116a        0x0 contiki-z1.a(packetbuf.o)
 .data          0x000000000000116a        0x0 contiki-z1.a(linkaddr.o)
 .data          0x000000000000116a       0x18 contiki-z1.a(csma.o)
 .data          0x0000000000001182        0x0 contiki-z1.a(mac.o)
 .data          0x0000000000001182        0x0 contiki-z1.a(contikimac.o)
 .data          0x0000000000001182        0x0 contiki-z1.a(contikimac-fram)
 .data          0x0000000000001182        0x0 contiki-z1.a(nullsec.o)
 .data          0x0000000000001182        0x0 contiki-z1.a(rime.o)
 .data          0x0000000000001182        0x0 contiki-z1.a(broadcast-annou)
 .data          0x0000000000001182        0x0 contiki-z1.a(broadcast.o)
 .data          0x0000000000001182        0x0 contiki-z1.a(chameleon.o)
 .data          0x0000000000001182        0x0 contiki-z1.a(channel.o)
 .data          0x0000000000001182        0x0 contiki-z1.a(abc.o)
 .data          0x0000000000001182        0x0 contiki-z1.a(unicast.o)
 .data          0x0000000000001182        0x0 contiki-z1.a(announcement.o)
 .data          0x0000000000001182        0x1 contiki-z1.a(i2cmaster.o)
                0x0000000000001182                prescale_lsb
 .data          0x0000000000001183        0x0 contiki-z1.a(button-sensor.o)
 .data          0x0000000000001183        0x0 contiki-z1.a(compower.o)
 .data          0x0000000000001183        0x0 contiki-z1.a(memb.o)
 *fill*         0x0000000000001183        0x1 00
 .data          0x0000000000001184       0x10 contiki-z1.a(queuebuf.o)
 .data          0x0000000000001194        0x0 contiki-z1.a(mac-sequence.o)
 .data          0x0000000000001194        0x0 contiki-z1.a(framer-802154.o)
 .data          0x0000000000001194        0x2 contiki-z1.a(frame802154.o)
 .data          0x0000000000001196        0x0 contiki-z1.a(chameleon-bitop)
 .data          0x0000000000001196        0x0 /usr/lib/gcc/msp430/4.6.3/mcpu-430x/mmpy-16/libgcc.a(_mulsi3.o)
 .data          0x0000000000001196        0x0 /usr/lib/gcc/msp430/4.6.3/mcpu-430x/mmpy-16/libgcc.a(_divmod16.o)
 .data          0x0000000000001196        0x0 /usr/lib/gcc/msp430/4.6.3/mcpu-430x/mmpy-16/libgcc.a(_udivmod32.o)
 .data          0x0000000000001196        0x0 /usr/lib/gcc/msp430/4.6.3/mcpu-430x/mmpy-16/libgcc.a(_addsub_sf.o)
 .data          0x0000000000001196        0x0 /usr/lib/gcc/msp430/4.6.3/mcpu-430x/mmpy-16/libgcc.a(_mul_sf.o)
 .data          0x0000000000001196        0x0 /usr/lib/gcc/msp430/4.6.3/mcpu-430x/mmpy-16/libgcc.a(_div_sf.o)
 .data          0x0000000000001196        0x0 /usr/lib/gcc/msp430/4.6.3/mcpu-430x/mmpy-16/libgcc.a(_eq_sf.o)
 .data          0x0000000000001196        0x0 /usr/lib/gcc/msp430/4.6.3/mcpu-430x/mmpy-16/libgcc.a(_si_to_sf.o)
 .data          0x0000000000001196        0x0 /usr/lib/gcc/msp430/4.6.3/mcpu-430x/mmpy-16/libgcc.a(_thenan_sf.o)
 .data          0x0000000000001196        0x0 /usr/lib/gcc/msp430/4.6.3/mcpu-430x/mmpy-16/libgcc.a(_udivmod16.o)
 .data          0x0000000000001196        0x0 /usr/lib/gcc/msp430/4.6.3/mcpu-430x/mmpy-16/libgcc.a(_clzsi2.o)
 .data          0x0000000000001196        0x0 /usr/lib/gcc/msp430/4.6.3/mcpu-430x/mmpy-16/libgcc.a(_pack_sf.o)
 .data          0x0000000000001196        0x0 /usr/lib/gcc/msp430/4.6.3/mcpu-430x/mmpy-16/libgcc.a(_unpack_sf.o)
 .data          0x0000000000001196        0x0 /usr/lib/gcc/msp430/4.6.3/mcpu-430x/mmpy-16/libgcc.a(_fpcmp_parts_sf.o)
 .data          0x0000000000001196        0x0 /usr/lib/gcc/msp430/4.6.3/mcpu-430x/mmpy-16/libgcc.a(_clz.o)
 .data          0x0000000000001196        0x0 /usr/lib/gcc/msp430/4.6.3/../../../../msp430/lib/mcpu-430x/mmpy-16/libc.a(strncmp.o)
 .data          0x0000000000001196        0x0 /usr/lib/gcc/msp430/4.6.3/../../../../msp430/lib/mcpu-430x/mmpy-16/libc.a(memcmp.o)
 .data          0x0000000000001196        0x0 /usr/lib/gcc/msp430/4.6.3/../../../../msp430/lib/mcpu-430x/mmpy-16/libc.a(memcpy.o)
 .data          0x0000000000001196        0x0 /usr/lib/gcc/msp430/4.6.3/../../../../msp430/lib/mcpu-430x/mmpy-16/libc.a(memset.o)
 .data          0x0000000000001196        0x0 /usr/lib/gcc/msp430/4.6.3/../../../../msp430/lib/mcpu-430x/mmpy-16/libc.a(malloc.o)
 .data          0x0000000000001196        0x0 /usr/lib/gcc/msp430/4.6.3/../../../../msp430/lib/mcpu-430x/mmpy-16/libc.a(printf.o)
 .data          0x0000000000001196        0x0 /usr/lib/gcc/msp430/4.6.3/../../../../msp430/lib/mcpu-430x/mmpy-16/libc.a(vuprintf.o)
 .data          0x0000000000001196        0x0 /usr/lib/gcc/msp430/4.6.3/../../../../msp430/lib/mcpu-430x/mmpy-16/libc.a(puts.o)
 .data          0x0000000000001196        0x4 /usr/lib/gcc/msp430/4.6.3/../../../../msp430/lib/mcpu-430x/mmpy-16/libc.a(rand.o)
 .data          0x000000000000119a        0x0 /usr/lib/gcc/msp430/4.6.3/mcpu-430x/mmpy-16/libgcc.a(_udivmod64.o)
 .data          0x000000000000119a        0x0 /usr/lib/gcc/msp430/4.6.3/mcpu-430x/mmpy-16/libcrt0.a(_reset_vector__.o)
 .data          0x000000000000119a        0x0 /usr/lib/gcc/msp430/4.6.3/mcpu-430x/mmpy-16/libcrt0.a(__watchdog_support.o)
 .data          0x000000000000119a        0x0 /usr/lib/gcc/msp430/4.6.3/mcpu-430x/mmpy-16/libcrt0.a(__init_stack.o)
 .data          0x000000000000119a        0x0 /usr/lib/gcc/msp430/4.6.3/mcpu-430x/mmpy-16/libcrt0.a(__low_level_init.o)
 .data          0x000000000000119a        0x0 /usr/lib/gcc/msp430/4.6.3/mcpu-430x/mmpy-16/libcrt0.a(_copy_data.o)
 .data          0x000000000000119a        0x0 /usr/lib/gcc/msp430/4.6.3/mcpu-430x/mmpy-16/libcrt0.a(_clear_bss.o)
 .data          0x000000000000119a        0x0 /usr/lib/gcc/msp430/4.6.3/mcpu-430x/mmpy-16/libcrt0.a(__stop_progExec__.o)
 .data          0x000000000000119a        0x0 /usr/lib/gcc/msp430/4.6.3/mcpu-430x/mmpy-16/libcrt0.a(_endless_loop__.o)
 .data          0x000000000000119a        0x0 /usr/lib/gcc/msp430/4.6.3/mcpu-430x/mmpy-16/libcrt0.a(_unexpected_.o)
                0x000000000000119a                . = ALIGN (0x2)
                0x000000000000119a                _edata = .
                0x000000000000a484                PROVIDE (__data_load_start, LOADADDR (.data))
                0x000000000000009a                PROVIDE (__data_size, SIZEOF (.data))

.bss            0x000000000000119a      0xafe load address 0x000000000000a51e
                0x000000000000119a                PROVIDE (__bss_start, .)
 *(.bss .bss.*)
 .bss           0x000000000000119a        0x0 /usr/lib/gcc/msp430/4.6.3/mcpu-430x/mmpy-16/crt0ivtbl32.o
 .bss           0x000000000000119a       0x2c node-comutation.co
                0x000000000000119a                myRootingTable
                0x000000000000119c                registered
                0x000000000000119e                node_metered
 .bss           0x00000000000011c6        0x4 obj_z1/contiki-z1-main.o
 .bss           0x00000000000011ca        0x0 contiki-z1.a(contiki-z1-plat)
 .bss           0x00000000000011ca        0x0 contiki-z1.a(msp430.o)
 .bss           0x00000000000011ca        0x1 contiki-z1.a(leds.o)
 *fill*         0x00000000000011cb        0x1 00
 .bss           0x00000000000011cc        0x2 contiki-z1.a(watchdog.o)
 .bss           0x00000000000011ce        0x0 contiki-z1.a(xmem.o)
 .bss           0x00000000000011ce        0x2 contiki-z1.a(spi.o)
                0x00000000000011ce                spi_busy
 .bss           0x00000000000011d0        0xa contiki-z1.a(cc2420.o)
 .bss           0x00000000000011da        0x0 contiki-z1.a(cc2420-arch.o)
 .bss           0x00000000000011da        0x2 contiki-z1.a(node-id.o)
                0x00000000000011da                node_id
 .bss           0x00000000000011dc        0x6 contiki-z1.a(sensors.o)
 .bss           0x00000000000011e2        0x4 contiki-z1.a(uart0.o)
 .bss           0x00000000000011e6        0x0 contiki-z1.a(uart0-putchar.o)
 .bss           0x00000000000011e6        0x0 contiki-z1.a(z1-sensors.o)
 .bss           0x00000000000011e6       0x16 contiki-z1.a(adxl345.o)
 .bss           0x00000000000011fc        0x1 contiki-z1.a(tmp102.o)
 *fill*         0x00000000000011fd        0x1 00
 .bss           0x00000000000011fe        0xa contiki-z1.a(clock.o)
 .bss           0x0000000000001208        0x0 contiki-z1.a(leds-arch.o)
 .bss           0x0000000000001208        0x0 contiki-z1.a(rtimer-arch.o)
 .bss           0x0000000000001208        0x0 contiki-z1.a(autostart.o)
 .bss           0x0000000000001208        0x0 contiki-z1.a(energest.o)
 .bss           0x0000000000001208        0x6 contiki-z1.a(etimer.o)
 .bss           0x000000000000120e        0x4 contiki-z1.a(ctimer.o)
 .bss           0x0000000000001212       0x38 contiki-z1.a(process.o)
                0x0000000000001212                process_current
                0x0000000000001214                process_list
 .bss           0x000000000000124a        0x2 contiki-z1.a(rtimer.o)
 .bss           0x000000000000124c        0x0 contiki-z1.a(timer.o)
 .bss           0x000000000000124c      0x10a contiki-z1.a(serial-line.o)
 .bss           0x0000000000001356        0x0 contiki-z1.a(list.o)
 .bss           0x0000000000001356        0x0 contiki-z1.a(random.o)
 .bss           0x0000000000001356        0x0 contiki-z1.a(ringbuf.o)
 .bss           0x0000000000001356       0x86 contiki-z1.a(packetbuf.o)
 .bss           0x00000000000013dc        0x0 contiki-z1.a(linkaddr.o)
 .bss           0x00000000000013dc       0xb4 contiki-z1.a(csma.o)
 .bss           0x0000000000001490        0x0 contiki-z1.a(mac.o)
 .bss           0x0000000000001490       0x32 contiki-z1.a(contikimac.o)
 .bss           0x00000000000014c2        0x0 contiki-z1.a(contikimac-fram)
 .bss           0x00000000000014c2        0x0 contiki-z1.a(nullsec.o)
 .bss           0x00000000000014c2        0x2 contiki-z1.a(rime.o)
 .bss           0x00000000000014c4       0x46 contiki-z1.a(broadcast-annou)
 .bss           0x000000000000150a        0x0 contiki-z1.a(broadcast.o)
 .bss           0x000000000000150a        0x0 contiki-z1.a(chameleon.o)
 .bss           0x000000000000150a        0x2 contiki-z1.a(channel.o)
 .bss           0x000000000000150c        0x0 contiki-z1.a(abc.o)
 .bss           0x000000000000150c        0x0 contiki-z1.a(unicast.o)
 .bss           0x000000000000150c        0x6 contiki-z1.a(announcement.o)
 .bss           0x0000000000001512        0x4 contiki-z1.a(i2cmaster.o)
                0x0000000000001512                prescale_msb
 .bss           0x0000000000001516        0x8 contiki-z1.a(button-sensor.o)
 .bss           0x000000000000151e        0x8 contiki-z1.a(compower.o)
 .bss           0x0000000000001526        0x0 contiki-z1.a(memb.o)
 .bss           0x0000000000001526      0x610 contiki-z1.a(queuebuf.o)
 .bss           0x0000000000001b36       0x80 contiki-z1.a(mac-sequence.o)
 .bss           0x0000000000001bb6        0x2 contiki-z1.a(framer-802154.o)
 .bss           0x0000000000001bb8        0x0 contiki-z1.a(frame802154.o)
 .bss           0x0000000000001bb8        0x0 contiki-z1.a(chameleon-bitop)
 .bss           0x0000000000001bb8        0x0 /usr/lib/gcc/msp430/4.6.3/mcpu-430x/mmpy-16/libgcc.a(_mulsi3.o)
 .bss           0x0000000000001bb8        0x0 /usr/lib/gcc/msp430/4.6.3/mcpu-430x/mmpy-16/libgcc.a(_divmod16.o)
 .bss           0x0000000000001bb8        0x0 /usr/lib/gcc/msp430/4.6.3/mcpu-430x/mmpy-16/libgcc.a(_udivmod32.o)
 .bss           0x0000000000001bb8        0x0 /usr/lib/gcc/msp430/4.6.3/mcpu-430x/mmpy-16/libgcc.a(_addsub_sf.o)
 .bss           0x0000000000001bb8        0x0 /usr/lib/gcc/msp430/4.6.3/mcpu-430x/mmpy-16/libgcc.a(_mul_sf.o)
 .bss           0x0000000000001bb8        0x0 /usr/lib/gcc/msp430/4.6.3/mcpu-430x/mmpy-16/libgcc.a(_div_sf.o)
 .bss           0x0000000000001bb8        0x0 /usr/lib/gcc/msp430/4.6.3/mcpu-430x/mmpy-16/libgcc.a(_eq_sf.o)
 .bss           0x0000000000001bb8        0x0 /usr/lib/gcc/msp430/4.6.3/mcpu-430x/mmpy-16/libgcc.a(_si_to_sf.o)
 .bss           0x0000000000001bb8        0x0 /usr/lib/gcc/msp430/4.6.3/mcpu-430x/mmpy-16/libgcc.a(_thenan_sf.o)
 .bss           0x0000000000001bb8        0x0 /usr/lib/gcc/msp430/4.6.3/mcpu-430x/mmpy-16/libgcc.a(_udivmod16.o)
 .bss           0x0000000000001bb8        0x0 /usr/lib/gcc/msp430/4.6.3/mcpu-430x/mmpy-16/libgcc.a(_clzsi2.o)
 .bss           0x0000000000001bb8        0x0 /usr/lib/gcc/msp430/4.6.3/mcpu-430x/mmpy-16/libgcc.a(_pack_sf.o)
 .bss           0x0000000000001bb8        0x0 /usr/lib/gcc/msp430/4.6.3/mcpu-430x/mmpy-16/libgcc.a(_unpack_sf.o)
 .bss           0x0000000000001bb8        0x0 /usr/lib/gcc/msp430/4.6.3/mcpu-430x/mmpy-16/libgcc.a(_fpcmp_parts_sf.o)
 .bss           0x0000000000001bb8        0x0 /usr/lib/gcc/msp430/4.6.3/mcpu-430x/mmpy-16/libgcc.a(_clz.o)
 .bss           0x0000000000001bb8        0x0 /usr/lib/gcc/msp430/4.6.3/../../../../msp430/lib/mcpu-430x/mmpy-16/libc.a(strncmp.o)
 .bss           0x0000000000001bb8        0x0 /usr/lib/gcc/msp430/4.6.3/../../../../msp430/lib/mcpu-430x/mmpy-16/libc.a(memcmp.o)
 .bss           0x0000000000001bb8        0x0 /usr/lib/gcc/msp430/4.6.3/../../../../msp430/lib/mcpu-430x/mmpy-16/libc.a(memcpy.o)
 .bss           0x0000000000001bb8        0x0 /usr/lib/gcc/msp430/4.6.3/../../../../msp430/lib/mcpu-430x/mmpy-16/libc.a(memset.o)
 .bss           0x0000000000001bb8        0x1 /usr/lib/gcc/msp430/4.6.3/../../../../msp430/lib/mcpu-430x/mmpy-16/libc.a(malloc.o)
 .bss           0x0000000000001bb9        0x0 /usr/lib/gcc/msp430/4.6.3/../../../../msp430/lib/mcpu-430x/mmpy-16/libc.a(printf.o)
 .bss           0x0000000000001bb9        0x0 /usr/lib/gcc/msp430/4.6.3/../../../../msp430/lib/mcpu-430x/mmpy-16/libc.a(vuprintf.o)
 .bss           0x0000000000001bb9        0x0 /usr/lib/gcc/msp430/4.6.3/../../../../msp430/lib/mcpu-430x/mmpy-16/libc.a(puts.o)
 .bss           0x0000000000001bb9        0x0 /usr/lib/gcc/msp430/4.6.3/../../../../msp430/lib/mcpu-430x/mmpy-16/libc.a(rand.o)
 .bss           0x0000000000001bb9        0x0 /usr/lib/gcc/msp430/4.6.3/mcpu-430x/mmpy-16/libgcc.a(_udivmod64.o)
 .bss           0x0000000000001bb9        0x0 /usr/lib/gcc/msp430/4.6.3/mcpu-430x/mmpy-16/libcrt0.a(_reset_vector__.o)
 .bss           0x0000000000001bb9        0x0 /usr/lib/gcc/msp430/4.6.3/mcpu-430x/mmpy-16/libcrt0.a(__watchdog_support.o)
 .bss           0x0000000000001bb9        0x0 /usr/lib/gcc/msp430/4.6.3/mcpu-430x/mmpy-16/libcrt0.a(__init_stack.o)
 .bss           0x0000000000001bb9        0x0 /usr/lib/gcc/msp430/4.6.3/mcpu-430x/mmpy-16/libcrt0.a(__low_level_init.o)
 .bss           0x0000000000001bb9        0x0 /usr/lib/gcc/msp430/4.6.3/mcpu-430x/mmpy-16/libcrt0.a(_copy_data.o)
 .bss           0x0000000000001bb9        0x0 /usr/lib/gcc/msp430/4.6.3/mcpu-430x/mmpy-16/libcrt0.a(_clear_bss.o)
 .bss           0x0000000000001bb9        0x0 /usr/lib/gcc/msp430/4.6.3/mcpu-430x/mmpy-16/libcrt0.a(__stop_progExec__.o)
 .bss           0x0000000000001bb9        0x0 /usr/lib/gcc/msp430/4.6.3/mcpu-430x/mmpy-16/libcrt0.a(_endless_loop__.o)
 .bss           0x0000000000001bb9        0x0 /usr/lib/gcc/msp430/4.6.3/mcpu-430x/mmpy-16/libcrt0.a(_unexpected_.o)
 *(COMMON)
 *fill*         0x0000000000001bb9        0x1 00
 COMMON         0x0000000000001bba        0xc node-comutation.co
                0x0000000000001bba                reset_hopLimit
                0x0000000000001bbc                nextHop0
                0x0000000000001bbe                lastAck
                0x0000000000001bc2                nextHop1
                0x0000000000001bc4                nullAddr
 COMMON         0x0000000000001bc6        0x2 contiki-z1.a(msp430.o)
                0x0000000000001bc6                msp430_dco_required
 COMMON         0x0000000000001bc8       0x10 contiki-z1.a(cc2420.o)
                0x0000000000001bc8                cc2420_last_rssi
                0x0000000000001bca                cc2420_sfd_start_time
                0x0000000000001bcc                cc2420_time_of_departure
                0x0000000000001bce                cc2420_time_of_arrival
                0x0000000000001bd0                cc2420_last_correlation
                0x0000000000001bd2                cc2420_authority_level_of_sender
                0x0000000000001bd4                cc2420_sfd_counter
                0x0000000000001bd6                cc2420_sfd_end_time
 COMMON         0x0000000000001bd8        0x8 contiki-z1.a(node-id.o)
                0x0000000000001bd8                node_mac
 COMMON         0x0000000000001be0        0x1 contiki-z1.a(sensors.o)
                0x0000000000001be0                sensors_event
 *fill*         0x0000000000001be1        0x1 00
 COMMON         0x0000000000001be2        0x4 contiki-z1.a(z1-sensors.o)
                0x0000000000001be2                sensors_flags
 COMMON         0x0000000000001be6        0x4 contiki-z1.a(adxl345.o)
                0x0000000000001be6                accm_int2_cb
                0x0000000000001be8                accm_int1_cb
 COMMON         0x0000000000001bea       0x56 contiki-z1.a(energest.o)
                0x0000000000001bea                energest_total_time
                0x0000000000001c1a                energest_total_count
                0x0000000000001c1c                energest_current_mode
                0x0000000000001c28                energest_current_time
 COMMON         0x0000000000001c40        0x1 contiki-z1.a(process.o)
                0x0000000000001c40                process_maxevents
 COMMON         0x0000000000001c41        0x1 contiki-z1.a(serial-line.o)
                0x0000000000001c41                serial_line_event_message
 COMMON         0x0000000000001c42       0x3c contiki-z1.a(packetbuf.o)
                0x0000000000001c42                packetbuf_addrs
                0x0000000000001c4a                packetbuf_attrs
 COMMON         0x0000000000001c7e        0x2 contiki-z1.a(linkaddr.o)
                0x0000000000001c7e                linkaddr_node_addr
 COMMON         0x0000000000001c80       0x10 contiki-z1.a(i2cmaster.o)
                0x0000000000001c80                transmit_data1
                0x0000000000001c81                rx_byte_ctr
                0x0000000000001c82                tx_buf_ptr
                0x0000000000001c84                tx_byte_ctr
                0x0000000000001c86                i
                0x0000000000001c88                receive_data
                0x0000000000001c8a                rx_buf
                0x0000000000001c8c                transmit_data2
                0x0000000000001c8e                rx_buf_ptr
 COMMON         0x0000000000001c90        0x8 contiki-z1.a(compower.o)
                0x0000000000001c90                compower_idle_activity
                0x0000000000001c98                . = ALIGN (0x2)
                0x0000000000001c98                PROVIDE (__bss_end, .)
                0x0000000000000afe                PROVIDE (__bss_size, SIZEOF (.bss))

.noinit         0x0000000000001c98        0x2 load address 0x000000000000a51e
                0x0000000000001c98                PROVIDE (__noinit_start, .)
 *(.noinit .noinit.*)
 .noinit.crt0   0x0000000000001c98        0x2 /usr/lib/gcc/msp430/4.6.3/mcpu-430x/mmpy-16/libcrt0.a(__watchdog_support.o)
                0x0000000000001c98                __wdt_clear_value
                0x0000000000001c9a                . = ALIGN (0x2)
                0x0000000000001c9a                PROVIDE (__noinit_end, .)
                0x0000000000001c9a                . = ALIGN (0x2)
                0x0000000000001c9a                _end = .

.infomem        0x0000000000001000        0x0
 *(.infomem)
                0x0000000000001000                . = ALIGN (0x2)
 *(.infomem.*)

.infomemnobits  0x0000000000001000        0x0
 *(.infomemnobits)
                0x0000000000001000                . = ALIGN (0x2)
 *(.infomemnobits.*)

.infoa
 *(.infoa .infoa.*)

.infob
 *(.infob .infob.*)

.infoc
 *(.infoc .infoc.*)

.infod
 *(.infod .infod.*)

.vectors        0x000000000000ffc0       0x40
                0x000000000000ffc0                PROVIDE (__vectors_start, .)
 *(.vectors*)
 .vectors       0x000000000000ffc0       0x40 /usr/lib/gcc/msp430/4.6.3/mcpu-430x/mmpy-16/crt0ivtbl32.o
                0x000000000000ffc0                __ivtbl_32
                0x0000000000010000                _vectors_end = .

.fartext        0x0000000000010000        0x0
                0x0000000000010000                . = ALIGN (0x2)
 *(.fartext)
                0x0000000000010000                . = ALIGN (0x2)
 *(.fartext.*)
                0x0000000000010000                _efartext = .

.profiler
 *(.profiler)

.stab           0x0000000000000000    0x1ca64
 *(.stab)
 .stab          0x0000000000000000     0x22d4 node-comutation.co
 .stab          0x00000000000022d4     0x10bc obj_z1/contiki-z1-main.o
                                       0x17e8 (size before relaxing)
 .stab          0x0000000000003390      0x24c contiki-z1.a(contiki-z1-plat)
                                        0x5a0 (size before relaxing)
 .stab          0x00000000000035dc      0x588 contiki-z1.a(msp430.o)
                                        0x8dc (size before relaxing)
 .stab          0x0000000000003b64      0x5dc contiki-z1.a(leds.o)
                                        0x828 (size before relaxing)
 .stab          0x0000000000004140      0x3fc contiki-z1.a(watchdog.o)
                                        0x750 (size before relaxing)
 .stab          0x000000000000453c      0x9fc contiki-z1.a(xmem.o)
                                        0xf3c (size before relaxing)
 .stab          0x0000000000004f38      0x288 contiki-z1.a(spi.o)
                                        0x5dc (size before relaxing)
 .stab          0x00000000000051c0     0x2904 contiki-z1.a(cc2420.o)
                                       0x3030 (size before relaxing)
 .stab          0x0000000000007ac4      0x9e4 contiki-z1.a(cc2420-arch.o)
                                       0x1374 (size before relaxing)
 .stab          0x00000000000084a8      0x300 contiki-z1.a(node-id.o)
                                        0x6d8 (size before relaxing)
 .stab          0x00000000000087a8      0x654 contiki-z1.a(sensors.o)
                                        0xb70 (size before relaxing)
 .stab          0x0000000000008dfc      0x504 contiki-z1.a(uart0.o)
                                        0xa38 (size before relaxing)
 .stab          0x0000000000009300      0x234 contiki-z1.a(uart0-putchar.o)
                                        0x588 (size before relaxing)
 .stab          0x0000000000009534      0x3a8 contiki-z1.a(z1-sensors.o)
                                        0x78c (size before relaxing)
 .stab          0x00000000000098dc      0xd2c contiki-z1.a(adxl345.o)
                                       0x135c (size before relaxing)
 .stab          0x000000000000a608      0x81c contiki-z1.a(tmp102.o)
                                        0xd74 (size before relaxing)
 .stab          0x000000000000ae24      0x948 contiki-z1.a(clock.o)
                                        0xc9c (size before relaxing)
 .stab          0x000000000000b76c      0x3a8 contiki-z1.a(leds-arch.o)
                                        0x6fc (size before relaxing)
 .stab          0x000000000000bb14      0x3cc contiki-z1.a(rtimer-arch.o)
                                        0x720 (size before relaxing)
 .stab          0x000000000000bee0      0x294 contiki-z1.a(autostart.o)
                                        0x534 (size before relaxing)
 .stab          0x000000000000c174      0x474 contiki-z1.a(energest.o)
                                        0x6fc (size before relaxing)
 .stab          0x000000000000c5e8      0xabc contiki-z1.a(etimer.o)
                                        0xd8c (size before relaxing)
 .stab          0x000000000000d0a4      0x858 contiki-z1.a(ctimer.o)
                                        0xbc4 (size before relaxing)
 .stab          0x000000000000d8fc      0xba0 contiki-z1.a(process.o)
                                       0x1038 (size before relaxing)
 .stab          0x000000000000e49c      0x3d8 contiki-z1.a(rtimer.o)
                                        0x6c0 (size before relaxing)
 .stab          0x000000000000e874      0x354 contiki-z1.a(timer.o)
                                        0x594 (size before relaxing)
 .stab          0x000000000000ebc8      0x534 contiki-z1.a(serial-line.o)
                                        0xa50 (size before relaxing)
 .stab          0x000000000000f0fc      0x7f8 contiki-z1.a(list.o)
                                        0x804 (size before relaxing)
 .stab          0x000000000000f8f4      0x228 contiki-z1.a(random.o)
                                        0x624 (size before relaxing)
 .stab          0x000000000000fb1c      0x3fc contiki-z1.a(ringbuf.o)
                                        0x63c (size before relaxing)
 .stab          0x000000000000ff18      0xc60 contiki-z1.a(packetbuf.o)
                                       0x1aa0 (size before relaxing)
 .stab          0x0000000000010b78      0x2c4 contiki-z1.a(linkaddr.o)
                                        0x6c0 (size before relaxing)
 .stab          0x0000000000010e3c     0x1158 contiki-z1.a(csma.o)
                                       0x1680 (size before relaxing)
 .stab          0x0000000000011f94      0x1f8 contiki-z1.a(mac.o)
                                        0x4ec (size before relaxing)
 .stab          0x000000000001218c     0x174c contiki-z1.a(contikimac.o)
                                       0x22ec (size before relaxing)
 .stab          0x00000000000138d8      0x81c contiki-z1.a(contikimac-fram)
                                        0xe58 (size before relaxing)
 .stab          0x00000000000140f4      0x3c0 contiki-z1.a(nullsec.o)
                                        0xcf0 (size before relaxing)
 .stab          0x00000000000144b4      0x738 contiki-z1.a(rime.o)
                                       0x1410 (size before relaxing)
 .stab          0x0000000000014bec      0x948 contiki-z1.a(broadcast-annou)
                                       0x15c0 (size before relaxing)
 .stab          0x0000000000015534      0x6d8 contiki-z1.a(broadcast.o)
                                       0x1500 (size before relaxing)
 .stab          0x0000000000015c0c      0x5e8 contiki-z1.a(chameleon.o)
                                       0x123c (size before relaxing)
 .stab          0x00000000000161f4      0x624 contiki-z1.a(channel.o)
                                       0x129c (size before relaxing)
 .stab          0x0000000000016818      0x66c contiki-z1.a(abc.o)
                                       0x1494 (size before relaxing)
 .stab          0x0000000000016e84      0x624 contiki-z1.a(unicast.o)
                                       0x129c (size before relaxing)
 .stab          0x00000000000174a8      0x6e4 contiki-z1.a(announcement.o)
                                        0x984 (size before relaxing)
 .stab          0x0000000000017b8c      0x894 contiki-z1.a(i2cmaster.o)
                                        0xbe8 (size before relaxing)
 .stab          0x0000000000018420      0x468 contiki-z1.a(button-sensor.o)
                                        0x7d4 (size before relaxing)
 .stab          0x0000000000018888      0x51c contiki-z1.a(compower.o)
                                        0xd20 (size before relaxing)
 .stab          0x0000000000018da4      0x5c4 contiki-z1.a(memb.o)
                                        0xaf8 (size before relaxing)
 .stab          0x0000000000019368      0xa5c contiki-z1.a(queuebuf.o)
                                       0x1884 (size before relaxing)
 .stab          0x0000000000019dc4      0x648 contiki-z1.a(mac-sequence.o)
                                       0x1488 (size before relaxing)
 .stab          0x000000000001a40c      0x6f0 contiki-z1.a(framer-802154.o)
                                        0xf30 (size before relaxing)
 .stab          0x000000000001aafc     0x11dc contiki-z1.a(frame802154.o)
                                       0x19c8 (size before relaxing)
 .stab          0x000000000001bcd8      0xd8c contiki-z1.a(chameleon-bitop)
                                       0x1a04 (size before relaxing)

.stabstr        0x0000000000000000    0x17125
 *(.stabstr)
 .stabstr       0x0000000000000000    0x17125 node-comutation.co

.stab.excl
 *(.stab.excl)

.stab.exclstr
 *(.stab.exclstr)

.stab.index
 *(.stab.index)

.stab.indexstr
 *(.stab.indexstr)

.comment
 *(.comment)

.debug
 *(.debug)

.line
 *(.line)

.debug_srcinfo
 *(.debug_srcinfo)

.debug_sfnames
 *(.debug_sfnames)

.debug_aranges  0x0000000000000000      0x244
 *(.debug_aranges)
 .debug_aranges
                0x0000000000000000       0x14 /usr/lib/gcc/msp430/4.6.3/mcpu-430x/mmpy-16/libgcc.a(_mulsi3.o)
 .debug_aranges
                0x0000000000000014       0x14 /usr/lib/gcc/msp430/4.6.3/mcpu-430x/mmpy-16/libgcc.a(_divmod16.o)
 .debug_aranges
                0x0000000000000028       0x14 /usr/lib/gcc/msp430/4.6.3/mcpu-430x/mmpy-16/libgcc.a(_udivmod32.o)
 .debug_aranges
                0x000000000000003c       0x14 /usr/lib/gcc/msp430/4.6.3/mcpu-430x/mmpy-16/libgcc.a(_addsub_sf.o)
 .debug_aranges
                0x0000000000000050       0x14 /usr/lib/gcc/msp430/4.6.3/mcpu-430x/mmpy-16/libgcc.a(_mul_sf.o)
 .debug_aranges
                0x0000000000000064       0x14 /usr/lib/gcc/msp430/4.6.3/mcpu-430x/mmpy-16/libgcc.a(_div_sf.o)
 .debug_aranges
                0x0000000000000078       0x14 /usr/lib/gcc/msp430/4.6.3/mcpu-430x/mmpy-16/libgcc.a(_eq_sf.o)
 .debug_aranges
                0x000000000000008c       0x14 /usr/lib/gcc/msp430/4.6.3/mcpu-430x/mmpy-16/libgcc.a(_si_to_sf.o)
 .debug_aranges
                0x00000000000000a0       0x14 /usr/lib/gcc/msp430/4.6.3/mcpu-430x/mmpy-16/libgcc.a(_udivmod16.o)
 .debug_aranges
                0x00000000000000b4       0x14 /usr/lib/gcc/msp430/4.6.3/mcpu-430x/mmpy-16/libgcc.a(_clzsi2.o)
 .debug_aranges
                0x00000000000000c8       0x14 /usr/lib/gcc/msp430/4.6.3/mcpu-430x/mmpy-16/libgcc.a(_pack_sf.o)
 .debug_aranges
                0x00000000000000dc       0x14 /usr/lib/gcc/msp430/4.6.3/mcpu-430x/mmpy-16/libgcc.a(_unpack_sf.o)
 .debug_aranges
                0x00000000000000f0       0x14 /usr/lib/gcc/msp430/4.6.3/mcpu-430x/mmpy-16/libgcc.a(_fpcmp_parts_sf.o)
 .debug_aranges
                0x0000000000000104       0x14 /usr/lib/gcc/msp430/4.6.3/../../../../msp430/lib/mcpu-430x/mmpy-16/libc.a(strncmp.o)
 .debug_aranges
                0x0000000000000118       0x14 /usr/lib/gcc/msp430/4.6.3/../../../../msp430/lib/mcpu-430x/mmpy-16/libc.a(memcmp.o)
 .debug_aranges
                0x000000000000012c       0x14 /usr/lib/gcc/msp430/4.6.3/../../../../msp430/lib/mcpu-430x/mmpy-16/libc.a(memcpy.o)
 .debug_aranges
                0x0000000000000140       0x14 /usr/lib/gcc/msp430/4.6.3/../../../../msp430/lib/mcpu-430x/mmpy-16/libc.a(memset.o)
 .debug_aranges
                0x0000000000000154       0x14 /usr/lib/gcc/msp430/4.6.3/../../../../msp430/lib/mcpu-430x/mmpy-16/libc.a(malloc.o)
 .debug_aranges
                0x0000000000000168       0x14 /usr/lib/gcc/msp430/4.6.3/../../../../msp430/lib/mcpu-430x/mmpy-16/libc.a(printf.o)
 .debug_aranges
                0x000000000000017c       0x14 /usr/lib/gcc/msp430/4.6.3/../../../../msp430/lib/mcpu-430x/mmpy-16/libc.a(vuprintf.o)
 .debug_aranges
                0x0000000000000190       0x14 /usr/lib/gcc/msp430/4.6.3/../../../../msp430/lib/mcpu-430x/mmpy-16/libc.a(puts.o)
 .debug_aranges
                0x00000000000001a4       0x14 /usr/lib/gcc/msp430/4.6.3/../../../../msp430/lib/mcpu-430x/mmpy-16/libc.a(rand.o)
 .debug_aranges
                0x00000000000001b8       0x14 /usr/lib/gcc/msp430/4.6.3/mcpu-430x/mmpy-16/libgcc.a(_udivmod64.o)
 .debug_aranges
                0x00000000000001cc       0x14 /usr/lib/gcc/msp430/4.6.3/mcpu-430x/mmpy-16/libcrt0.a(__watchdog_support.o)
 .debug_aranges
                0x00000000000001e0       0x14 /usr/lib/gcc/msp430/4.6.3/mcpu-430x/mmpy-16/libcrt0.a(__init_stack.o)
 .debug_aranges
                0x00000000000001f4       0x14 /usr/lib/gcc/msp430/4.6.3/mcpu-430x/mmpy-16/libcrt0.a(_copy_data.o)
 .debug_aranges
                0x0000000000000208       0x14 /usr/lib/gcc/msp430/4.6.3/mcpu-430x/mmpy-16/libcrt0.a(_clear_bss.o)
 .debug_aranges
                0x000000000000021c       0x14 /usr/lib/gcc/msp430/4.6.3/mcpu-430x/mmpy-16/libcrt0.a(_endless_loop__.o)
 .debug_aranges
                0x0000000000000230       0x14 /usr/lib/gcc/msp430/4.6.3/mcpu-430x/mmpy-16/libcrt0.a(_unexpected_.o)

.debug_pubnames
 *(.debug_pubnames)

.debug_info     0x0000000000000000     0x3056
 *(.debug_info)
 .debug_info    0x0000000000000000       0xf6 /usr/lib/gcc/msp430/4.6.3/mcpu-430x/mmpy-16/libgcc.a(_mulsi3.o)
 .debug_info    0x00000000000000f6       0xf6 /usr/lib/gcc/msp430/4.6.3/mcpu-430x/mmpy-16/libgcc.a(_divmod16.o)
 .debug_info    0x00000000000001ec       0xf6 /usr/lib/gcc/msp430/4.6.3/mcpu-430x/mmpy-16/libgcc.a(_udivmod32.o)
 .debug_info    0x00000000000002e2      0x425 /usr/lib/gcc/msp430/4.6.3/mcpu-430x/mmpy-16/libgcc.a(_addsub_sf.o)
 .debug_info    0x0000000000000707      0x3c9 /usr/lib/gcc/msp430/4.6.3/mcpu-430x/mmpy-16/libgcc.a(_mul_sf.o)
 .debug_info    0x0000000000000ad0      0x35c /usr/lib/gcc/msp430/4.6.3/mcpu-430x/mmpy-16/libgcc.a(_div_sf.o)
 .debug_info    0x0000000000000e2c      0x26e /usr/lib/gcc/msp430/4.6.3/mcpu-430x/mmpy-16/libgcc.a(_eq_sf.o)
 .debug_info    0x000000000000109a      0x20b /usr/lib/gcc/msp430/4.6.3/mcpu-430x/mmpy-16/libgcc.a(_si_to_sf.o)
 .debug_info    0x00000000000012a5      0x144 /usr/lib/gcc/msp430/4.6.3/mcpu-430x/mmpy-16/libgcc.a(_thenan_sf.o)
 .debug_info    0x00000000000013e9       0xf6 /usr/lib/gcc/msp430/4.6.3/mcpu-430x/mmpy-16/libgcc.a(_udivmod16.o)
 .debug_info    0x00000000000014df      0x109 /usr/lib/gcc/msp430/4.6.3/mcpu-430x/mmpy-16/libgcc.a(_clzsi2.o)
 .debug_info    0x00000000000015e8      0x2b1 /usr/lib/gcc/msp430/4.6.3/mcpu-430x/mmpy-16/libgcc.a(_pack_sf.o)
 .debug_info    0x0000000000001899      0x23e /usr/lib/gcc/msp430/4.6.3/mcpu-430x/mmpy-16/libgcc.a(_unpack_sf.o)
 .debug_info    0x0000000000001ad7      0x1d5 /usr/lib/gcc/msp430/4.6.3/mcpu-430x/mmpy-16/libgcc.a(_fpcmp_parts_sf.o)
 .debug_info    0x0000000000001cac       0xa0 /usr/lib/gcc/msp430/4.6.3/mcpu-430x/mmpy-16/libgcc.a(_clz.o)
 .debug_info    0x0000000000001d4c       0xbb /usr/lib/gcc/msp430/4.6.3/../../../../msp430/lib/mcpu-430x/mmpy-16/libc.a(strncmp.o)
 .debug_info    0x0000000000001e07       0xe8 /usr/lib/gcc/msp430/4.6.3/../../../../msp430/lib/mcpu-430x/mmpy-16/libc.a(memcmp.o)
 .debug_info    0x0000000000001eef      0x111 /usr/lib/gcc/msp430/4.6.3/../../../../msp430/lib/mcpu-430x/mmpy-16/libc.a(memcpy.o)
 .debug_info    0x0000000000002000       0xfe /usr/lib/gcc/msp430/4.6.3/../../../../msp430/lib/mcpu-430x/mmpy-16/libc.a(memset.o)
 .debug_info    0x00000000000020fe      0x14f /usr/lib/gcc/msp430/4.6.3/../../../../msp430/lib/mcpu-430x/mmpy-16/libc.a(malloc.o)
 .debug_info    0x000000000000224d      0x105 /usr/lib/gcc/msp430/4.6.3/../../../../msp430/lib/mcpu-430x/mmpy-16/libc.a(printf.o)
 .debug_info    0x0000000000002352      0x565 /usr/lib/gcc/msp430/4.6.3/../../../../msp430/lib/mcpu-430x/mmpy-16/libc.a(vuprintf.o)
 .debug_info    0x00000000000028b7       0x96 /usr/lib/gcc/msp430/4.6.3/../../../../msp430/lib/mcpu-430x/mmpy-16/libc.a(puts.o)
 .debug_info    0x000000000000294d      0x13f /usr/lib/gcc/msp430/4.6.3/../../../../msp430/lib/mcpu-430x/mmpy-16/libc.a(rand.o)
 .debug_info    0x0000000000002a8c       0xf6 /usr/lib/gcc/msp430/4.6.3/mcpu-430x/mmpy-16/libgcc.a(_udivmod64.o)
 .debug_info    0x0000000000002b82       0xce /usr/lib/gcc/msp430/4.6.3/mcpu-430x/mmpy-16/libcrt0.a(__watchdog_support.o)
 .debug_info    0x0000000000002c50       0xce /usr/lib/gcc/msp430/4.6.3/mcpu-430x/mmpy-16/libcrt0.a(__init_stack.o)
 .debug_info    0x0000000000002d1e       0xce /usr/lib/gcc/msp430/4.6.3/mcpu-430x/mmpy-16/libcrt0.a(_copy_data.o)
 .debug_info    0x0000000000002dec       0xce /usr/lib/gcc/msp430/4.6.3/mcpu-430x/mmpy-16/libcrt0.a(_clear_bss.o)
 .debug_info    0x0000000000002eba       0xce /usr/lib/gcc/msp430/4.6.3/mcpu-430x/mmpy-16/libcrt0.a(_endless_loop__.o)
 .debug_info    0x0000000000002f88       0xce /usr/lib/gcc/msp430/4.6.3/mcpu-430x/mmpy-16/libcrt0.a(_unexpected_.o)
 *(.gnu.linkonce.wi.*)

.debug_abbrev   0x0000000000000000     0x15f7
 *(.debug_abbrev)
 .debug_abbrev  0x0000000000000000       0x14 /usr/lib/gcc/msp430/4.6.3/mcpu-430x/mmpy-16/libgcc.a(_mulsi3.o)
 .debug_abbrev  0x0000000000000014       0x14 /usr/lib/gcc/msp430/4.6.3/mcpu-430x/mmpy-16/libgcc.a(_divmod16.o)
 .debug_abbrev  0x0000000000000028       0x14 /usr/lib/gcc/msp430/4.6.3/mcpu-430x/mmpy-16/libgcc.a(_udivmod32.o)
 .debug_abbrev  0x000000000000003c      0x1ab /usr/lib/gcc/msp430/4.6.3/mcpu-430x/mmpy-16/libgcc.a(_addsub_sf.o)
 .debug_abbrev  0x00000000000001e7      0x1d9 /usr/lib/gcc/msp430/4.6.3/mcpu-430x/mmpy-16/libgcc.a(_mul_sf.o)
 .debug_abbrev  0x00000000000003c0      0x1c4 /usr/lib/gcc/msp430/4.6.3/mcpu-430x/mmpy-16/libgcc.a(_div_sf.o)
 .debug_abbrev  0x0000000000000584      0x151 /usr/lib/gcc/msp430/4.6.3/mcpu-430x/mmpy-16/libgcc.a(_eq_sf.o)
 .debug_abbrev  0x00000000000006d5      0x164 /usr/lib/gcc/msp430/4.6.3/mcpu-430x/mmpy-16/libgcc.a(_si_to_sf.o)
 .debug_abbrev  0x0000000000000839       0xba /usr/lib/gcc/msp430/4.6.3/mcpu-430x/mmpy-16/libgcc.a(_thenan_sf.o)
 .debug_abbrev  0x00000000000008f3       0x14 /usr/lib/gcc/msp430/4.6.3/mcpu-430x/mmpy-16/libgcc.a(_udivmod16.o)
 .debug_abbrev  0x0000000000000907       0xac /usr/lib/gcc/msp430/4.6.3/mcpu-430x/mmpy-16/libgcc.a(_clzsi2.o)
 .debug_abbrev  0x00000000000009b3      0x192 /usr/lib/gcc/msp430/4.6.3/mcpu-430x/mmpy-16/libgcc.a(_pack_sf.o)
 .debug_abbrev  0x0000000000000b45      0x15a /usr/lib/gcc/msp430/4.6.3/mcpu-430x/mmpy-16/libgcc.a(_unpack_sf.o)
 .debug_abbrev  0x0000000000000c9f      0x10b /usr/lib/gcc/msp430/4.6.3/mcpu-430x/mmpy-16/libgcc.a(_fpcmp_parts_sf.o)